Archive member included to satisfy reference by file (symbol)

D:/stm32CubeIDE/STM32CubeIDE_1.17.0/STM32CubeIDE/plugins/com.st.stm32cube.ide.mcu.externaltools.gnu-tools-for-stm32.12.3.rel1.win32_1.1.0.202410251130/tools/bin/../lib/gcc/arm-none-eabi/12.3.1/../../../../arm-none-eabi/lib/thumb/v7e-m+fp/hard\libc_nano.a(libc_a-exit.o)
                              D:/stm32CubeIDE/STM32CubeIDE_1.17.0/STM32CubeIDE/plugins/com.st.stm32cube.ide.mcu.externaltools.gnu-tools-for-stm32.12.3.rel1.win32_1.1.0.202410251130/tools/bin/../lib/gcc/arm-none-eabi/12.3.1/../../../../arm-none-eabi/lib/thumb/v7e-m+fp/hard/crt0.o (exit)
D:/stm32CubeIDE/STM32CubeIDE_1.17.0/STM32CubeIDE/plugins/com.st.stm32cube.ide.mcu.externaltools.gnu-tools-for-stm32.12.3.rel1.win32_1.1.0.202410251130/tools/bin/../lib/gcc/arm-none-eabi/12.3.1/../../../../arm-none-eabi/lib/thumb/v7e-m+fp/hard\libc_nano.a(libc_a-nano-vfprintf_float.o)
                              (_printf_float)
D:/stm32CubeIDE/STM32CubeIDE_1.17.0/STM32CubeIDE/plugins/com.st.stm32cube.ide.mcu.externaltools.gnu-tools-for-stm32.12.3.rel1.win32_1.1.0.202410251130/tools/bin/../lib/gcc/arm-none-eabi/12.3.1/../../../../arm-none-eabi/lib/thumb/v7e-m+fp/hard\libc_nano.a(libc_a-nano-vfprintf_i.o)
                              D:/stm32CubeIDE/STM32CubeIDE_1.17.0/STM32CubeIDE/plugins/com.st.stm32cube.ide.mcu.externaltools.gnu-tools-for-stm32.12.3.rel1.win32_1.1.0.202410251130/tools/bin/../lib/gcc/arm-none-eabi/12.3.1/../../../../arm-none-eabi/lib/thumb/v7e-m+fp/hard\libc_nano.a(libc_a-nano-vfprintf_float.o) (_printf_common)
D:/stm32CubeIDE/STM32CubeIDE_1.17.0/STM32CubeIDE/plugins/com.st.stm32cube.ide.mcu.externaltools.gnu-tools-for-stm32.12.3.rel1.win32_1.1.0.202410251130/tools/bin/../lib/gcc/arm-none-eabi/12.3.1/../../../../arm-none-eabi/lib/thumb/v7e-m+fp/hard\libc_nano.a(libc_a-nano-vfscanf_float.o)
                              (_scanf_float)
D:/stm32CubeIDE/STM32CubeIDE_1.17.0/STM32CubeIDE/plugins/com.st.stm32cube.ide.mcu.externaltools.gnu-tools-for-stm32.12.3.rel1.win32_1.1.0.202410251130/tools/bin/../lib/gcc/arm-none-eabi/12.3.1/../../../../arm-none-eabi/lib/thumb/v7e-m+fp/hard\libc_nano.a(libc_a-findfp.o)
                              ./Middlewares/Third_Party/FreeRTOS/Source/tasks.o (__sf)
D:/stm32CubeIDE/STM32CubeIDE_1.17.0/STM32CubeIDE/plugins/com.st.stm32cube.ide.mcu.externaltools.gnu-tools-for-stm32.12.3.rel1.win32_1.1.0.202410251130/tools/bin/../lib/gcc/arm-none-eabi/12.3.1/../../../../arm-none-eabi/lib/thumb/v7e-m+fp/hard\libc_nano.a(libc_a-fwalk.o)
                              D:/stm32CubeIDE/STM32CubeIDE_1.17.0/STM32CubeIDE/plugins/com.st.stm32cube.ide.mcu.externaltools.gnu-tools-for-stm32.12.3.rel1.win32_1.1.0.202410251130/tools/bin/../lib/gcc/arm-none-eabi/12.3.1/../../../../arm-none-eabi/lib/thumb/v7e-m+fp/hard\libc_nano.a(libc_a-findfp.o) (_fwalk_sglue)
D:/stm32CubeIDE/STM32CubeIDE_1.17.0/STM32CubeIDE/plugins/com.st.stm32cube.ide.mcu.externaltools.gnu-tools-for-stm32.12.3.rel1.win32_1.1.0.202410251130/tools/bin/../lib/gcc/arm-none-eabi/12.3.1/../../../../arm-none-eabi/lib/thumb/v7e-m+fp/hard\libc_nano.a(libc_a-sprintf.o)
                              ./Core/Src/freertos.o (sprintf)
D:/stm32CubeIDE/STM32CubeIDE_1.17.0/STM32CubeIDE/plugins/com.st.stm32cube.ide.mcu.externaltools.gnu-tools-for-stm32.12.3.rel1.win32_1.1.0.202410251130/tools/bin/../lib/gcc/arm-none-eabi/12.3.1/../../../../arm-none-eabi/lib/thumb/v7e-m+fp/hard\libc_nano.a(libc_a-stdio.o)
                              D:/stm32CubeIDE/STM32CubeIDE_1.17.0/STM32CubeIDE/plugins/com.st.stm32cube.ide.mcu.externaltools.gnu-tools-for-stm32.12.3.rel1.win32_1.1.0.202410251130/tools/bin/../lib/gcc/arm-none-eabi/12.3.1/../../../../arm-none-eabi/lib/thumb/v7e-m+fp/hard\libc_nano.a(libc_a-findfp.o) (__sread)
D:/stm32CubeIDE/STM32CubeIDE_1.17.0/STM32CubeIDE/plugins/com.st.stm32cube.ide.mcu.externaltools.gnu-tools-for-stm32.12.3.rel1.win32_1.1.0.202410251130/tools/bin/../lib/gcc/arm-none-eabi/12.3.1/../../../../arm-none-eabi/lib/thumb/v7e-m+fp/hard\libc_nano.a(libc_a-memcmp.o)
                              ./Core/mpu6500/inv_mpu.o (memcmp)
D:/stm32CubeIDE/STM32CubeIDE_1.17.0/STM32CubeIDE/plugins/com.st.stm32cube.ide.mcu.externaltools.gnu-tools-for-stm32.12.3.rel1.win32_1.1.0.202410251130/tools/bin/../lib/gcc/arm-none-eabi/12.3.1/../../../../arm-none-eabi/lib/thumb/v7e-m+fp/hard\libc_nano.a(libc_a-memset.o)
                              D:/stm32CubeIDE/STM32CubeIDE_1.17.0/STM32CubeIDE/plugins/com.st.stm32cube.ide.mcu.externaltools.gnu-tools-for-stm32.12.3.rel1.win32_1.1.0.202410251130/tools/bin/../lib/gcc/arm-none-eabi/12.3.1/../../../../arm-none-eabi/lib/thumb/v7e-m+fp/hard/crt0.o (memset)
D:/stm32CubeIDE/STM32CubeIDE_1.17.0/STM32CubeIDE/plugins/com.st.stm32cube.ide.mcu.externaltools.gnu-tools-for-stm32.12.3.rel1.win32_1.1.0.202410251130/tools/bin/../lib/gcc/arm-none-eabi/12.3.1/../../../../arm-none-eabi/lib/thumb/v7e-m+fp/hard\libc_nano.a(libc_a-localeconv.o)
[...]
Memory Configuration

Name             Origin             Length             Attributes
RAM              0x20000000         0x00018000         xrw
FLASH            0x08000000         0x00080000         xr
*default*        0x00000000         0xffffffff

Linker script and memory map

LOAD D:/stm32CubeIDE/STM32CubeIDE_1.17.0/STM32CubeIDE/plugins/com.st.stm32cube.ide.mcu.externaltools.gnu-tools-for-stm32.12.3.rel1.win32_1.1.0.202410251130/tools/bin/../lib/gcc/arm-none-eabi/12.3.1/thumb/v7e-m+fp/hard/crti.o
LOAD D:/stm32CubeIDE/STM32CubeIDE_1.17.0/STM32CubeIDE/plugins/com.st.stm32cube.ide.mcu.externaltools.gnu-tools-for-stm32.12.3.rel1.win32_1.1.0.202410251130/tools/bin/../lib/gcc/arm-none-eabi/12.3.1/thumb/v7e-m+fp/hard/crtbegin.o
LOAD D:/stm32CubeIDE/STM32CubeIDE_1.17.0/STM32CubeIDE/plugins/com.st.stm32cube.ide.mcu.externaltools.gnu-tools-for-stm32.12.3.rel1.win32_1.1.0.202410251130/tools/bin/../lib/gcc/arm-none-eabi/12.3.1/../../../../arm-none-eabi/lib/thumb/v7e-m+fp/hard/crt0.o
LOAD ./Core/Src/adc.o
LOAD ./Core/Src/dma.o
LOAD ./Core/Src/freertos.o
LOAD ./Core/Src/gpio.o
LOAD ./Core/Src/i2c.o
LOAD ./Core/Src/main.o
LOAD ./Core/Src/stm32f4xx_hal_msp.o
LOAD ./Core/Src/stm32f4xx_hal_timebase_tim.o
LOAD ./Core/Src/stm32f4xx_it.o
LOAD ./Core/Src/syscalls.o
LOAD ./Core/Src/sysmem.o
LOAD ./Core/Src/system_stm32f4xx.o
LOAD ./Core/Src/tim.o
LOAD ./Core/Src/usart.o
LOAD ./Core/Startup/startup_stm32f401retx.o
LOAD ./Core/encoder/encoder.o
LOAD ./Core/motor/motor.o
LOAD ./Core/mpu6500/IIC.o
LOAD ./Core/mpu6500/inv_mpu.o
LOAD ./Core/mpu6500/inv_mpu_dmp_motion_driver.o
LOAD ./Core/mpu6500/mpu6500.o
LOAD ./Core/oled/oled.o
LOAD ./Core/pid/pid.o
LOAD ./Core/sr04/sr04.o
LOAD ./Drivers/STM32F4xx_HAL_Driver/Src/stm32f4xx_hal.o
LOAD ./Drivers/STM32F4xx_HAL_Driver/Src/stm32f4xx_hal_adc.o
LOAD ./Drivers/STM32F4xx_HAL_Driver/Src/stm32f4xx_hal_adc_ex.o
LOAD ./Drivers/STM32F4xx_HAL_Driver/Src/stm32f4xx_hal_cortex.o
LOAD ./Drivers/STM32F4xx_HAL_Driver/Src/stm32f4xx_hal_dma.o
LOAD ./Drivers/STM32F4xx_HAL_Driver/Src/stm32f4xx_hal_dma_ex.o
LOAD ./Drivers/STM32F4xx_HAL_Driver/Src/stm32f4xx_hal_exti.o
LOAD ./Drivers/STM32F4xx_HAL_Driver/Src/stm32f4xx_hal_flash.o
LOAD ./Drivers/STM32F4xx_HAL_Driver/Src/stm32f4xx_hal_flash_ex.o
LOAD ./Drivers/STM32F4xx_HAL_Driver/Src/stm32f4xx_hal_flash_ramfunc.o
LOAD ./Drivers/STM32F4xx_HAL_Driver/Src/stm32f4xx_hal_gpio.o
LOAD ./Drivers/STM32F4xx_HAL_Driver/Src/stm32f4xx_hal_i2c.o
LOAD ./Drivers/STM32F4xx_HAL_Driver/Src/stm32f4xx_hal_i2c_ex.o
LOAD ./Drivers/STM32F4xx_HAL_Driver/Src/stm32f4xx_hal_pwr.o
LOAD ./Drivers/STM32F4xx_HAL_Driver/Src/stm32f4xx_hal_pwr_ex.o
LOAD ./Drivers/STM32F4xx_HAL_Driver/Src/stm32f4xx_hal_rcc.o
LOAD ./Drivers/STM32F4xx_HAL_Driver/Src/stm32f4xx_hal_rcc_ex.o
LOAD ./Drivers/STM32F4xx_HAL_Driver/Src/stm32f4xx_hal_tim.o
LOAD ./Drivers/STM32F4xx_HAL_Driver/Src/stm32f4xx_hal_tim_ex.o
LOAD ./Drivers/STM32F4xx_HAL_Driver/Src/stm32f4xx_hal_uart.o
LOAD ./Drivers/STM32F4xx_HAL_Driver/Src/stm32f4xx_ll_adc.o
LOAD ./Middlewares/Third_Party/FreeRTOS/Source/CMSIS_RTOS_V2/cmsis_os2.o
LOAD ./Middlewares/Third_Party/FreeRTOS/Source/croutine.o
LOAD ./Middlewares/Third_Party/FreeRTOS/Source/event_groups.o
LOAD ./Middlewares/Third_Party/FreeRTOS/Source/list.o
LOAD ./Middlewares/Third_Party/FreeRTOS/Source/queue.o
LOAD ./Middlewares/Third_Party/FreeRTOS/Source/stream_buffer.o
LOAD ./Middlewares/Third_Party/FreeRTOS/Source/tasks.o
LOAD ./Middlewares/Third_Party/FreeRTOS/Source/timers.o
LOAD ./Middlewares/Third_Party/FreeRTOS/Source/portable/GCC/ARM_CM4F/port.o
LOAD ./Middlewares/Third_Party/FreeRTOS/Source/portable/MemMang/heap_4.o
START GROUP
LOAD D:/stm32CubeIDE/STM32CubeIDE_1.17.0/STM32CubeIDE/plugins/com.st.stm32cube.ide.mcu.externaltools.gnu-tools-for-stm32.12.3.rel1.win32_1.1.0.202410251130/tools/bin/../lib/gcc/arm-none-eabi/12.3.1/../../../../arm-none-eabi/lib/thumb/v7e-m+fp/hard\libc_nano.a
LOAD D:/stm32CubeIDE/STM32CubeIDE_1.17.0/STM32CubeIDE/plugins/com.st.stm32cube.ide.mcu.externaltools.gnu-tools-for-stm32.12.3.rel1.win32_1.1.0.202410251130/tools/bin/../lib/gcc/arm-none-eabi/12.3.1/../../../../arm-none-eabi/lib/thumb/v7e-m+fp/hard\libm.a
END GROUP
START GROUP
LOAD D:/stm32CubeIDE/STM32CubeIDE_1.17.0/STM32CubeIDE/plugins/com.st.stm32cube.ide.mcu.externaltools.gnu-tools-for-stm32.12.3.rel1.win32_1.1.0.202410251130/tools/bin/../lib/gcc/arm-none-eabi/12.3.1/thumb/v7e-m+fp/hard\libgcc.a
LOAD D:/stm32CubeIDE/STM32CubeIDE_1.17.0/STM32CubeIDE/plugins/com.st.stm32cube.ide.mcu.externaltools.gnu-tools-for-stm32.12.3.rel1.win32_1.1.0.202410251130/tools/bin/../lib/gcc/arm-none-eabi/12.3.1/../../../../arm-none-eabi/lib/thumb/v7e-m+fp/hard\libc_nano.a
END GROUP
START GROUP
LOAD D:/stm32CubeIDE/STM32CubeIDE_1.17.0/STM32CubeIDE/plugins/com.st.stm32cube.ide.mcu.externaltools.gnu-tools-for-stm32.12.3.rel1.win32_1.1.0.202410251130/tools/bin/../lib/gcc/arm-none-eabi/12.3.1/thumb/v7e-m+fp/hard\libgcc.a
LOAD D:/stm32CubeIDE/STM32CubeIDE_1.17.0/STM32CubeIDE/plugins/com.st.stm32cube.ide.mcu.externaltools.gnu-tools-for-stm32.12.3.rel1.win32_1.1.0.202410251130/tools/bin/../lib/gcc/arm-none-eabi/12.3.1/../../../../arm-none-eabi/lib/thumb/v7e-m+fp/hard\libc_nano.a
LOAD D:/stm32CubeIDE/STM32CubeIDE_1.17.0/STM32CubeIDE/plugins/com.st.stm32cube.ide.mcu.externaltools.gnu-tools-for-stm32.12.3.rel1.win32_1.1.0.202410251130/tools/bin/../lib/gcc/arm-none-eabi/12.3.1/../../../../arm-none-eabi/lib/thumb/v7e-m+fp/hard\libnosys.a
END GROUP
START GROUP
LOAD D:/stm32CubeIDE/STM32CubeIDE_1.17.0/STM32CubeIDE/plugins/com.st.stm32cube.ide.mcu.externaltools.gnu-tools-for-stm32.12.3.rel1.win32_1.1.0.202410251130/tools/bin/../lib/gcc/arm-none-eabi/12.3.1/thumb/v7e-m+fp/hard\libgcc.a
LOAD D:/stm32CubeIDE/STM32CubeIDE_1.17.0/STM32CubeIDE/plugins/com.st.stm32cube.ide.mcu.externaltools.gnu-tools-for-stm32.12.3.rel1.win32_1.1.0.202410251130/tools/bin/../lib/gcc/arm-none-eabi/12.3.1/../../../../arm-none-eabi/lib/thumb/v7e-m+fp/hard\libc_nano.a
LOAD D:/stm32CubeIDE/STM32CubeIDE_1.17.0/STM32CubeIDE/plugins/com.st.stm32cube.ide.mcu.externaltools.gnu-tools-for-stm32.12.3.rel1.win32_1.1.0.202410251130/tools/bin/../lib/gcc/arm-none-eabi/12.3.1/../../../../arm-none-eabi/lib/thumb/v7e-m+fp/hard\libnosys.a
END GROUP
LOAD D:/stm32CubeIDE/STM32CubeIDE_1.17.0/STM32CubeIDE/plugins/com.st.stm32cube.ide.mcu.externaltools.gnu-tools-for-stm32.12.3.rel1.win32_1.1.0.202410251130/tools/bin/../lib/gcc/arm-none-eabi/12.3.1/thumb/v7e-m+fp/hard/crtend.o
LOAD D:/stm32CubeIDE/STM32CubeIDE_1.17.0/STM32CubeIDE/plugins/com.st.stm32cube.ide.mcu.externaltools.gnu-tools-for-stm32.12.3.rel1.win32_1.1.0.202410251130/tools/bin/../lib/gcc/arm-none-eabi/12.3.1/thumb/v7e-m+fp/hard/crtn.o
                0x20018000                        _estack = (ORIGIN (RAM) + LENGTH (RAM))
                0x00000200                        _Min_Heap_Size = 0x200
                0x00000400                        _Min_Stack_Size = 0x400

.isr_vector     0x08000000      0x194
                0x08000000                        . = ALIGN (0x4)
 *(.isr_vector)
 .isr_vector    0x08000000      0x194 ./Core/Startup/startup_stm32f401retx.o
                0x08000000                g_pfnVectors
                0x08000194                        . = ALIGN (0x4)

.text           0x080001a0    0x158b4
                0x080001a0                        . = ALIGN (0x4)
 *(.text)
 .text          0x080001a0       0x40 D:/stm32CubeIDE/STM32CubeIDE_1.17.0/STM32CubeIDE/plugins/com.st.stm32cube.ide.mcu.externaltools.gnu-tools-for-stm32.12.3.rel1.win32_1.1.0.202410251130/tools/bin/../lib/gcc/arm-none-eabi/12.3.1/thumb/v7e-m+fp/hard/crtbegin.o
 .text          0x080001e0       0xa0 D:/stm32CubeIDE/STM32CubeIDE_1.17.0/STM32CubeIDE/plugins/com.st.stm32cube.ide.mcu.externaltools.gnu-tools-for-stm32.12.3.rel1.win32_1.1.0.202410251130/tools/bin/../lib/gcc/arm-none-eabi/12.3.1/../../../../arm-none-eabi/lib/thumb/v7e-m+fp/hard\libc_nano.a(libc_a-memchr.o)
                0x080001e0                memchr
 .text          0x08000280       0x10 D:/stm32CubeIDE/STM32CubeIDE_1.17.0/STM32CubeIDE/plugins/com.st.stm32cube.ide.mcu.externaltools.gnu-tools-for-stm32.12.3.rel1.win32_1.1.0.202410251130/tools/bin/../lib/gcc/arm-none-eabi/12.3.1/../../../../arm-none-eabi/lib/thumb/v7e-m+fp/hard\libc_nano.a(libc_a-strlen.o)
                0x08000280                strlen
 .text          0x08000290      0x378 D:/stm32CubeIDE/STM32CubeIDE_1.17.0/STM32CubeIDE/plugins/com.st.stm32cube.ide.mcu.externaltools.gnu-tools-for-stm32.12.3.rel1.win32_1.1.0.202410251130/tools/bin/../lib/gcc/arm-none-eabi/12.3.1/thumb/v7e-m+fp/hard\libgcc.a(_arm_addsubdf3.o)
                0x08000290                __aeabi_drsub
                0x08000298                __aeabi_dsub
                0x08000298                __subdf3
                0x0800029c                __aeabi_dadd
                0x0800029c                __adddf3
                0x08000514                __floatunsidf
                0x08000514                __aeabi_ui2d
                0x08000534                __floatsidf
                0x08000534                __aeabi_i2d
                0x08000558                __aeabi_f2d
                0x08000558                __extendsfdf2
                0x0800059c                __floatundidf
                0x0800059c                __aeabi_ul2d
                0x080005ac                __floatdidf
                0x080005ac                __aeabi_l2d
 .text          0x08000608      0x424 D:/stm32CubeIDE/STM32CubeIDE_1.17.0/STM32CubeIDE/plugins/com.st.stm32cube.ide.mcu.externaltools.gnu-tools-for-stm32.12.3.rel1.win32_1.1.0.202410251130/tools/bin/../lib/gcc/arm-none-eabi/12.3.1/thumb/v7e-m+fp/hard\libgcc.a(_arm_muldivdf3.o)
                0x08000608                __aeabi_dmul
                0x08000608                __muldf3
                0x0800085c                __divdf3
                0x0800085c                __aeabi_ddiv
 .text          0x08000a2c      0x110 D:/stm32CubeIDE/STM32CubeIDE_1.17.0/STM32CubeIDE/plugins/com.st.stm32cube.ide.mcu.externaltools.gnu-tools-for-stm32.12.3.rel1.win32_1.1.0.202410251130/tools/bin/../lib/gcc/arm-none-eabi/12.3.1/thumb/v7e-m+fp/hard\libgcc.a(_arm_cmpdf2.o)
                0x08000a2c                __gtdf2
                0x08000a2c                __gedf2
                0x08000a34                __ltdf2
                0x08000a34                __ledf2
                0x08000a3c                __nedf2
                0x08000a3c                __eqdf2
                0x08000a3c                __cmpdf2
                0x08000ab8                __aeabi_cdrcmple
                0x08000ac8                __aeabi_cdcmpeq
                0x08000ac8                __aeabi_cdcmple
                0x08000ad8                __aeabi_dcmpeq
                0x08000aec                __aeabi_dcmplt
                0x08000b00                __aeabi_dcmple
                0x08000b14                __aeabi_dcmpge
                0x08000b28                __aeabi_dcmpgt
 .text          0x08000b3c       0x2c D:/stm32CubeIDE/STM32CubeIDE_1.17.0/STM32CubeIDE/plugins/com.st.stm32cube.ide.mcu.externaltools.gnu-tools-for-stm32.12.3.rel1.win32_1.1.0.202410251130/tools/bin/../lib/gcc/arm-none-eabi/12.3.1/thumb/v7e-m+fp/hard\libgcc.a(_arm_unorddf2.o)
                0x08000b3c                __unorddf2
                0x08000b3c                __aeabi_dcmpun
 .text          0x08000b68       0x50 D:/stm32CubeIDE/STM32CubeIDE_1.17.0/STM32CubeIDE/plugins/com.st.stm32cube.ide.mcu.externaltools.gnu-tools-for-stm32.12.3.rel1.win32_1.1.0.202410251130/tools/bin/../lib/gcc/arm-none-eabi/12.3.1/thumb/v7e-m+fp/hard\libgcc.a(_arm_fixdfsi.o)
                0x08000b68                __aeabi_d2iz
                0x08000b68                __fixdfsi
 .text          0x08000bb8       0x40 D:/stm32CubeIDE/STM32CubeIDE_1.17.0/STM32CubeIDE/plugins/com.st.stm32cube.ide.mcu.externaltools.gnu-tools-for-stm32.12.3.rel1.win32_1.1.0.202410251130/tools/bin/../lib/gcc/arm-none-eabi/12.3.1/thumb/v7e-m+fp/hard\libgcc.a(_arm_fixunsdfsi.o)
                0x08000bb8                __aeabi_d2uiz
                0x08000bb8                __fixunsdfsi
 .text          0x08000bf8       0xa0 D:/stm32CubeIDE/STM32CubeIDE_1.17.0/STM32CubeIDE/plugins/com.st.stm32cube.ide.mcu.externaltools.gnu-tools-for-stm32.12.3.rel1.win32_1.1.0.202410251130/tools/bin/../lib/gcc/arm-none-eabi/12.3.1/thumb/v7e-m+fp/hard\libgcc.a(_arm_truncdfsf2.o)
                0x08000bf8                __truncdfsf2
                0x08000bf8                __aeabi_d2f
 .text          0x08000c98       0xa0 D:/stm32CubeIDE/STM32CubeIDE_1.17.0/STM32CubeIDE/plugins/com.st.stm32cube.ide.mcu.externaltools.gnu-tools-for-stm32.12.3.rel1.win32_1.1.0.202410251130/tools/bin/../lib/gcc/arm-none-eabi/12.3.1/thumb/v7e-m+fp/hard\libgcc.a(_aeabi_ldivmod.o)
                0x08000c98                __aeabi_ldivmod
 .text          0x08000d38       0x30 D:/stm32CubeIDE/STM32CubeIDE_1.17.0/STM32CubeIDE/plugins/com.st.stm32cube.ide.mcu.externaltools.gnu-tools-for-stm32.12.3.rel1.win32_1.1.0.202410251130/tools/bin/../lib/gcc/arm-none-eabi/12.3.1/thumb/v7e-m+fp/hard\libgcc.a(_aeabi_uldivmod.o)
                0x08000d38                __aeabi_uldivmod
 .text          0x08000d68       0x30 D:/stm32CubeIDE/STM32CubeIDE_1.17.0/STM32CubeIDE/plugins/com.st.stm32cube.ide.mcu.externaltools.gnu-tools-for-stm32.12.3.rel1.win32_1.1.0.202410251130/tools/bin/../lib/gcc/arm-none-eabi/12.3.1/thumb/v7e-m+fp/hard\libgcc.a(_fixdfdi.o)
                0x08000d68                __fixdfdi
                0x08000d68                __aeabi_d2lz
 .text          0x08000d98       0x3c D:/stm32CubeIDE/STM32CubeIDE_1.17.0/STM32CubeIDE/plugins/com.st.stm32cube.ide.mcu.externaltools.gnu-tools-for-stm32.12.3.rel1.win32_1.1.0.202410251130/tools/bin/../lib/gcc/arm-none-eabi/12.3.1/thumb/v7e-m+fp/hard\libgcc.a(_fixunsdfdi.o)
                0x08000d98                __fixunsdfdi
                0x08000d98                __aeabi_d2ulz
 .text          0x08000dd4      0x2bc D:/stm32CubeIDE/STM32CubeIDE_1.17.0/STM32CubeIDE/plugins/com.st.stm32cube.ide.mcu.externaltools.gnu-tools-for-stm32.12.3.rel1.win32_1.1.0.202410251130/tools/bin/../lib/gcc/arm-none-eabi/12.3.1/thumb/v7e-m+fp/hard\libgcc.a(_udivmoddi4.o)
                0x08000dd4                __udivmoddi4
 .text          0x08001090        0x4 D:/stm32CubeIDE/STM32CubeIDE_1.17.0/STM32CubeIDE/plugins/com.st.stm32cube.ide.mcu.externaltools.gnu-tools-for-stm32.12.3.rel1.win32_1.1.0.202410251130/tools/bin/../lib/gcc/arm-none-eabi/12.3.1/thumb/v7e-m+fp/hard\libgcc.a(_dvmd_tls.o)
                0x08001090                __aeabi_idiv0
                0x08001090                __aeabi_ldiv0
 *(.text*)
 .text.MX_ADC1_Init
                0x08001094       0xa4 ./Core/Src/adc.o
                0x08001094                MX_ADC1_Init
 .text.HAL_ADC_MspInit
                0x08001138       0x98 ./Core/Src/adc.o
                0x08001138                HAL_ADC_MspInit
 .text.MX_DMA_Init
                0x080011d0       0x40 ./Core/Src/dma.o
                0x080011d0                MX_DMA_Init
 .text.MX_FREERTOS_Init
                0x08001210       0x5c ./Core/Src/freertos.o
                0x08001210                MX_FREERTOS_Init
 .text.StartDefaultTask
                0x0800126c       0x5c ./Core/Src/freertos.o
                0x0800126c                StartDefaultTask
 .text.StartTaskOled
                0x080012c8       0xd0 ./Core/Src/freertos.o
                0x080012c8                StartTaskOled
 .text.StartTaskCtrl
                0x08001398       0x2c ./Core/Src/freertos.o
                0x08001398                StartTaskCtrl
 .text.MX_GPIO_Init
                0x080013c4      0x158 ./Core/Src/gpio.o
                0x080013c4                MX_GPIO_Init
 .text.MX_I2C1_Init
                0x0800151c       0x5c ./Core/Src/i2c.o
                0x0800151c                MX_I2C1_Init
 .text.HAL_I2C_MspInit
                0x08001578      0x104 ./Core/Src/i2c.o
                0x08001578                HAL_I2C_MspInit
 .text.ITM_SendChar
                0x0800167c       0x4e ./Core/Src/main.o
 .text.__io_putchar
                0x080016ca       0x1a ./Core/Src/main.o
                0x080016ca                __io_putchar
 .text._write   0x080016e4       0x38 ./Core/Src/main.o
                0x080016e4                _write
 .text.HAL_I2C_MemTxCpltCallback
                0x0800171c       0x58 ./Core/Src/main.o
                0x0800171c                HAL_I2C_MemTxCpltCallback
 *fill*         0x08001774        0x4 
 .text.HAL_GPIO_EXTI_Callback
                0x08001778       0xc0 ./Core/Src/main.o
                0x08001778                HAL_GPIO_EXTI_Callback
 .text.main     0x08001838       0x98 ./Core/Src/main.o
                0x08001838                main
 .text.SystemClock_Config
                0x080018d0       0xd4 ./Core/Src/main.o
                0x080018d0                SystemClock_Config
 .text.HAL_TIM_PeriodElapsedCallback
                0x080019a4       0x24 ./Core/Src/main.o
                0x080019a4                HAL_TIM_PeriodElapsedCallback
 .text.Error_Handler
                0x080019c8        0xc ./Core/Src/main.o
                0x080019c8                Error_Handler
 .text.HAL_MspInit
                0x080019d4       0x58 ./Core/Src/stm32f4xx_hal_msp.o
                0x080019d4                HAL_MspInit
 .text.HAL_InitTick
                0x08001a2c       0xe4 ./Core/Src/stm32f4xx_hal_timebase_tim.o
                0x08001a2c                HAL_InitTick
 .text.NMI_Handler
                0x08001b10        0x8 ./Core/Src/stm32f4xx_it.o
                0x08001b10                NMI_Handler
 .text.HardFault_Handler
                0x08001b18        0x8 ./Core/Src/stm32f4xx_it.o
                0x08001b18                HardFault_Handler
 .text.MemManage_Handler
                0x08001b20        0x8 ./Core/Src/stm32f4xx_it.o
                0x08001b20                MemManage_Handler
 .text.BusFault_Handler
                0x08001b28        0x8 ./Core/Src/stm32f4xx_it.o
                0x08001b28                BusFault_Handler
 .text.UsageFault_Handler
                0x08001b30        0x8 ./Core/Src/stm32f4xx_it.o
                0x08001b30                UsageFault_Handler
 .text.DebugMon_Handler
                0x08001b38        0xe ./Core/Src/stm32f4xx_it.o
                0x08001b38                DebugMon_Handler
 .text.EXTI4_IRQHandler
                0x08001b46        0xe ./Core/Src/stm32f4xx_it.o
                0x08001b46                EXTI4_IRQHandler
 .text.DMA1_Stream6_IRQHandler
                0x08001b54       0x14 ./Core/Src/stm32f4xx_it.o
                0x08001b54                DMA1_Stream6_IRQHandler
 .text.ADC_IRQHandler
                0x08001b68       0x14 ./Core/Src/stm32f4xx_it.o
                0x08001b68                ADC_IRQHandler
 .text.EXTI9_5_IRQHandler
                0x08001b7c        0xe ./Core/Src/stm32f4xx_it.o
                0x08001b7c                EXTI9_5_IRQHandler
 *fill*         0x08001b8a        0x2 
 .text.TIM1_UP_TIM10_IRQHandler
                0x08001b8c       0x1c ./Core/Src/stm32f4xx_it.o
                0x08001b8c                TIM1_UP_TIM10_IRQHandler
 .text.TIM1_TRG_COM_TIM11_IRQHandler
                0x08001ba8       0x14 ./Core/Src/stm32f4xx_it.o
                0x08001ba8                TIM1_TRG_COM_TIM11_IRQHandler
 .text.I2C1_EV_IRQHandler
                0x08001bbc       0x14 ./Core/Src/stm32f4xx_it.o
                0x08001bbc                I2C1_EV_IRQHandler
 .text.USART6_IRQHandler
                0x08001bd0      0x124 ./Core/Src/stm32f4xx_it.o
                0x08001bd0                USART6_IRQHandler
 .text._getpid  0x08001cf4       0x10 ./Core/Src/syscalls.o
                0x08001cf4                _getpid
 .text._kill    0x08001d04       0x20 ./Core/Src/syscalls.o
                0x08001d04                _kill
 .text._exit    0x08001d24       0x16 ./Core/Src/syscalls.o
                0x08001d24                _exit
 .text._read    0x08001d3a       0x3a ./Core/Src/syscalls.o
                0x08001d3a                _read
 .text._close   0x08001d74       0x18 ./Core/Src/syscalls.o
                0x08001d74                _close
 .text._fstat   0x08001d8c       0x20 ./Core/Src/syscalls.o
                0x08001d8c                _fstat
 .text._isatty  0x08001dac       0x16 ./Core/Src/syscalls.o
                0x08001dac                _isatty
 .text._lseek   0x08001dc2       0x1a ./Core/Src/syscalls.o
                0x08001dc2                _lseek
 .text._sbrk    0x08001ddc       0x6c ./Core/Src/sysmem.o
                0x08001ddc                _sbrk
 .text.SystemInit
                0x08001e48       0x24 ./Core/Src/system_stm32f4xx.o
                0x08001e48                SystemInit
 .text.MX_TIM1_Init
                0x08001e6c      0x120 ./Core/Src/tim.o
                0x08001e6c                MX_TIM1_Init
 .text.MX_TIM2_Init
                0x08001f8c       0xa8 ./Core/Src/tim.o
                0x08001f8c                MX_TIM2_Init
 .text.MX_TIM3_Init
                0x08002034       0x9c ./Core/Src/tim.o
                0x08002034                MX_TIM3_Init
 .text.MX_TIM4_Init
                0x080020d0       0xa8 ./Core/Src/tim.o
                0x080020d0                MX_TIM4_Init
 .text.MX_TIM5_Init
                0x08002178       0x9c ./Core/Src/tim.o
                0x08002178                MX_TIM5_Init
 .text.MX_TIM9_Init
                0x08002214       0x74 ./Core/Src/tim.o
                0x08002214                MX_TIM9_Init
 .text.HAL_TIM_PWM_MspInit
                0x08002288       0x60 ./Core/Src/tim.o
                0x08002288                HAL_TIM_PWM_MspInit
 .text.HAL_TIM_Encoder_MspInit
                0x080022e8       0xf8 ./Core/Src/tim.o
                0x080022e8                HAL_TIM_Encoder_MspInit
 .text.HAL_TIM_Base_MspInit
                0x080023e0       0x9c ./Core/Src/tim.o
                0x080023e0                HAL_TIM_Base_MspInit
 .text.HAL_TIM_MspPostInit
                0x0800247c       0xb8 ./Core/Src/tim.o
                0x0800247c                HAL_TIM_MspPostInit
 .text.MX_USART6_UART_Init
                0x08002534       0x54 ./Core/Src/usart.o
                0x08002534                MX_USART6_UART_Init
 .text.HAL_UART_MspInit
                0x08002588       0xa0 ./Core/Src/usart.o
                0x08002588                HAL_UART_MspInit
 .text.Reset_Handler
                0x08002628       0x50 ./Core/Startup/startup_stm32f401retx.o
                0x08002628                Reset_Handler
 .text.Default_Handler
                0x08002678        0x2 ./Core/Startup/startup_stm32f401retx.o
                0x08002678                RTC_Alarm_IRQHandler
                0x08002678                EXTI2_IRQHandler
                0x08002678                SPI4_IRQHandler
                0x08002678                TIM1_CC_IRQHandler
                0x08002678                DMA2_Stream5_IRQHandler
                0x08002678                DMA1_Stream5_IRQHandler
                0x08002678                PVD_IRQHandler
                0x08002678                SDIO_IRQHandler
                0x08002678                TAMP_STAMP_IRQHandler
                0x08002678                EXTI3_IRQHandler
                0x08002678                I2C3_ER_IRQHandler
                0x08002678                EXTI0_IRQHandler
                0x08002678                I2C2_EV_IRQHandler
                0x08002678                DMA1_Stream2_IRQHandler
                0x08002678                FPU_IRQHandler
                0x08002678                DMA2_Stream2_IRQHandler
                0x08002678                SPI1_IRQHandler
                0x08002678                TIM1_BRK_TIM9_IRQHandler
                0x08002678                DMA2_Stream3_IRQHandler
                0x08002678                DMA2_Stream0_IRQHandler
                0x08002678                TIM4_IRQHandler
                0x08002678                DMA1_Stream1_IRQHandler
                0x08002678                TIM3_IRQHandler
                0x08002678                RCC_IRQHandler
                0x08002678                Default_Handler
                0x08002678                EXTI15_10_IRQHandler
                0x08002678                DMA1_Stream7_IRQHandler
                0x08002678                TIM5_IRQHandler
                0x08002678                DMA2_Stream7_IRQHandler
                0x08002678                I2C3_EV_IRQHandler
                0x08002678                RTC_WKUP_IRQHandler
                0x08002678                SPI2_IRQHandler
                0x08002678                DMA1_Stream0_IRQHandler
                0x08002678                WWDG_IRQHandler
                0x08002678                TIM2_IRQHandler
                0x08002678                OTG_FS_WKUP_IRQHandler
                0x08002678                EXTI1_IRQHandler
                0x08002678                USART2_IRQHandler
                0x08002678                I2C2_ER_IRQHandler
                0x08002678                DMA2_Stream1_IRQHandler
                0x08002678                FLASH_IRQHandler
                0x08002678                DMA2_Stream4_IRQHandler
                0x08002678                USART1_IRQHandler
                0x08002678                OTG_FS_IRQHandler
                0x08002678                SPI3_IRQHandler
                0x08002678                DMA1_Stream4_IRQHandler
                0x08002678                I2C1_ER_IRQHandler
                0x08002678                DMA2_Stream6_IRQHandler
                0x08002678                DMA1_Stream3_IRQHandler
 .text.Read_Speed
                0x0800267a       0x28 ./Core/encoder/encoder.o
                0x0800267a                Read_Speed
 *fill*         0x080026a2        0x2 
 .text.Load     0x080026a4       0xf8 ./Core/motor/motor.o
                0x080026a4                Load
 .text.IIC_Delay
                0x0800279c       0x26 ./Core/mpu6500/IIC.o
 *fill*         0x080027c2        0x2 
 .text.IIC_Start
                0x080027c4       0x40 ./Core/mpu6500/IIC.o
                0x080027c4                IIC_Start
 .text.IIC_Stop
                0x08002804       0x30 ./Core/mpu6500/IIC.o
                0x08002804                IIC_Stop
 .text.IIC_Send_Byte
                0x08002834       0x80 ./Core/mpu6500/IIC.o
                0x08002834                IIC_Send_Byte
 .text.IIC_Read_Byte
                0x080028b4       0x74 ./Core/mpu6500/IIC.o
                0x080028b4                IIC_Read_Byte
 .text.IIC_Wait_Ack
                0x08002928       0x58 ./Core/mpu6500/IIC.o
                0x08002928                IIC_Wait_Ack
 .text.IIC_Ack  0x08002980       0x40 ./Core/mpu6500/IIC.o
                0x08002980                IIC_Ack
 .text.IIC_NAck
                0x080029c0       0x38 ./Core/mpu6500/IIC.o
                0x080029c0                IIC_NAck
 .text.IIC_GPIO_Init
                0x080029f8       0x4c ./Core/mpu6500/IIC.o
                0x080029f8                IIC_GPIO_Init
 .text.set_int_enable
                0x08002a44       0xb4 ./Core/mpu6500/inv_mpu.o
 .text.mpu_init
                0x08002af8      0x204 ./Core/mpu6500/inv_mpu.o
                0x08002af8                mpu_init
 .text.mpu_lp_accel_mode
                0x08002cfc       0xf8 ./Core/mpu6500/inv_mpu.o
                0x08002cfc                mpu_lp_accel_mode
 .text.mpu_reset_fifo
                0x08002df4      0x208 ./Core/mpu6500/inv_mpu.o
                0x08002df4                mpu_reset_fifo
 .text.mpu_get_gyro_fsr
                0x08002ffc       0x68 ./Core/mpu6500/inv_mpu.o
                0x08002ffc                mpu_get_gyro_fsr
 .text.mpu_set_gyro_fsr
                0x08003064       0xa8 ./Core/mpu6500/inv_mpu.o
                0x08003064                mpu_set_gyro_fsr
 .text.mpu_get_accel_fsr
                0x0800310c       0x74 ./Core/mpu6500/inv_mpu.o
                0x0800310c                mpu_get_accel_fsr
 .text.mpu_set_accel_fsr
                0x08003180       0xd0 ./Core/mpu6500/inv_mpu.o
                0x08003180                mpu_set_accel_fsr
 .text.mpu_get_lpf
                0x08003250       0x7c ./Core/mpu6500/inv_mpu.o
                0x08003250                mpu_get_lpf
 .text.mpu_set_lpf
                0x080032cc       0x9c ./Core/mpu6500/inv_mpu.o
                0x080032cc                mpu_set_lpf
 .text.mpu_get_sample_rate
                0x08003368       0x34 ./Core/mpu6500/inv_mpu.o
                0x08003368                mpu_get_sample_rate
 .text.mpu_set_sample_rate
                0x0800339c       0xcc ./Core/mpu6500/inv_mpu.o
                0x0800339c                mpu_set_sample_rate
 .text.mpu_get_gyro_sens
                0x08003468       0x70 ./Core/mpu6500/inv_mpu.o
                0x08003468                mpu_get_gyro_sens
 .text.mpu_get_accel_sens
                0x080034d8       0x7c ./Core/mpu6500/inv_mpu.o
                0x080034d8                mpu_get_accel_sens
 .text.mpu_get_fifo_config
                0x08003554       0x24 ./Core/mpu6500/inv_mpu.o
                0x08003554                mpu_get_fifo_config
 .text.mpu_configure_fifo
                0x08003578       0xa4 ./Core/mpu6500/inv_mpu.o
                0x08003578                mpu_configure_fifo
 .text.mpu_set_sensors
                0x0800361c      0x10c ./Core/mpu6500/inv_mpu.o
                0x0800361c                mpu_set_sensors
 .text.mpu_read_fifo_stream
                0x08003728       0xfc ./Core/mpu6500/inv_mpu.o
                0x08003728                mpu_read_fifo_stream
 .text.mpu_set_bypass
                0x08003824      0x18c ./Core/mpu6500/inv_mpu.o
                0x08003824                mpu_set_bypass
 .text.mpu_set_int_latched
                0x080039b0       0x88 ./Core/mpu6500/inv_mpu.o
                0x080039b0                mpu_set_int_latched
 .text.get_accel_prod_shift
                0x08003a38      0x11c ./Core/mpu6500/inv_mpu.o
 .text.accel_self_test
                0x08003b54      0x108 ./Core/mpu6500/inv_mpu.o
 .text.gyro_self_test
                0x08003c5c      0x180 ./Core/mpu6500/inv_mpu.o
 .text.get_st_biases
                0x08003ddc      0x6e8 ./Core/mpu6500/inv_mpu.o
 .text.mpu_run_self_test
                0x080044c4      0x1a8 ./Core/mpu6500/inv_mpu.o
                0x080044c4                mpu_run_self_test
 .text.mpu_write_mem
                0x0800466c       0xa4 ./Core/mpu6500/inv_mpu.o
                0x0800466c                mpu_write_mem
 .text.mpu_read_mem
                0x08004710       0xa4 ./Core/mpu6500/inv_mpu.o
                0x08004710                mpu_read_mem
 .text.mpu_load_firmware
                0x080047b4       0xfc ./Core/mpu6500/inv_mpu.o
                0x080047b4                mpu_load_firmware
 .text.mpu_set_dmp_state
                0x080048b0       0xa8 ./Core/mpu6500/inv_mpu.o
                0x080048b0                mpu_set_dmp_state
 .text.run_self_test
                0x08004958       0xbe ./Core/mpu6500/inv_mpu.o
                0x08004958                run_self_test
 .text.inv_orientation_matrix_to_scalar
                0x08004a16       0x50 ./Core/mpu6500/inv_mpu.o
                0x08004a16                inv_orientation_matrix_to_scalar
 .text.inv_row_2_scale
                0x08004a66       0x82 ./Core/mpu6500/inv_mpu.o
                0x08004a66                inv_row_2_scale
 .text.mget_ms  0x08004ae8       0x14 ./Core/mpu6500/inv_mpu.o
                0x08004ae8                mget_ms
 .text.mpu_dmp_init
                0x08004afc       0xdc ./Core/mpu6500/inv_mpu.o
                0x08004afc                mpu_dmp_init
 .text.mpu_dmp_get_data
                0x08004bd8      0x25c ./Core/mpu6500/inv_mpu.o
                0x08004bd8                mpu_dmp_get_data
 .text.dmp_load_motion_driver_firmware
                0x08004e34       0x20 ./Core/mpu6500/inv_mpu_dmp_motion_driver.o
                0x08004e34                dmp_load_motion_driver_firmware
 .text.dmp_set_orientation
                0x08004e54      0x1d8 ./Core/mpu6500/inv_mpu_dmp_motion_driver.o
                0x08004e54                dmp_set_orientation
 .text.dmp_set_gyro_bias
                0x0800502c      0x214 ./Core/mpu6500/inv_mpu_dmp_motion_driver.o
                0x0800502c                dmp_set_gyro_bias
 .text.dmp_set_accel_bias
                0x08005240      0x204 ./Core/mpu6500/inv_mpu_dmp_motion_driver.o
                0x08005240                dmp_set_accel_bias
 .text.dmp_set_fifo_rate
                0x08005444       0x90 ./Core/mpu6500/inv_mpu_dmp_motion_driver.o
                0x08005444                dmp_set_fifo_rate
 .text.dmp_set_tap_thresh
                0x080054d4      0x26c ./Core/mpu6500/inv_mpu_dmp_motion_driver.o
                0x080054d4                dmp_set_tap_thresh
 .text.dmp_set_tap_axes
                0x08005740       0x64 ./Core/mpu6500/inv_mpu_dmp_motion_driver.o
                0x08005740                dmp_set_tap_axes
 .text.dmp_set_tap_count
                0x080057a4       0x42 ./Core/mpu6500/inv_mpu_dmp_motion_driver.o
                0x080057a4                dmp_set_tap_count
 *fill*         0x080057e6        0x2 
 .text.dmp_set_tap_time
                0x080057e8       0x44 ./Core/mpu6500/inv_mpu_dmp_motion_driver.o
                0x080057e8                dmp_set_tap_time
 .text.dmp_set_tap_time_multi
                0x0800582c       0x44 ./Core/mpu6500/inv_mpu_dmp_motion_driver.o
                0x0800582c                dmp_set_tap_time_multi
 .text.dmp_set_shake_reject_thresh
                0x08005870       0x60 ./Core/mpu6500/inv_mpu_dmp_motion_driver.o
                0x08005870                dmp_set_shake_reject_thresh
 .text.dmp_set_shake_reject_time
                0x080058d0       0x44 ./Core/mpu6500/inv_mpu_dmp_motion_driver.o
                0x080058d0                dmp_set_shake_reject_time
 .text.dmp_set_shake_reject_timeout
                0x08005914       0x44 ./Core/mpu6500/inv_mpu_dmp_motion_driver.o
                0x08005914                dmp_set_shake_reject_timeout
 .text.dmp_enable_feature
                0x08005958      0x250 ./Core/mpu6500/inv_mpu_dmp_motion_driver.o
                0x08005958                dmp_enable_feature
 .text.dmp_enable_gyro_cal
                0x08005ba8       0x60 ./Core/mpu6500/inv_mpu_dmp_motion_driver.o
                0x08005ba8                dmp_enable_gyro_cal
 .text.dmp_enable_lp_quat
                0x08005c08       0x4e ./Core/mpu6500/inv_mpu_dmp_motion_driver.o
                0x08005c08                dmp_enable_lp_quat
 .text.dmp_enable_6x_lp_quat
                0x08005c56       0x4e ./Core/mpu6500/inv_mpu_dmp_motion_driver.o
                0x08005c56                dmp_enable_6x_lp_quat
 .text.decode_gesture
                0x08005ca4       0x88 ./Core/mpu6500/inv_mpu_dmp_motion_driver.o
 .text.dmp_read_fifo
                0x08005d2c      0x2d8 ./Core/mpu6500/inv_mpu_dmp_motion_driver.o
                0x08005d2c                dmp_read_fifo
 .text.MPU_Init
                0x08006004       0x86 ./Core/mpu6500/mpu6500.o
                0x08006004                MPU_Init
 .text.MPU_Set_Gyro_Fsr
                0x0800608a       0x22 ./Core/mpu6500/mpu6500.o
                0x0800608a                MPU_Set_Gyro_Fsr
 .text.MPU_Set_Accel_Fsr
                0x080060ac       0x22 ./Core/mpu6500/mpu6500.o
                0x080060ac                MPU_Set_Accel_Fsr
 .text.MPU_Set_LPF
                0x080060ce       0x62 ./Core/mpu6500/mpu6500.o
                0x080060ce                MPU_Set_LPF
 .text.MPU_Set_Rate
                0x08006130       0x56 ./Core/mpu6500/mpu6500.o
                0x08006130                MPU_Set_Rate
 .text.MPU_Get_Gyroscope
                0x08006186       0x64 ./Core/mpu6500/mpu6500.o
                0x08006186                MPU_Get_Gyroscope
 .text.MPU_Get_Accelerometer
                0x080061ea       0x64 ./Core/mpu6500/mpu6500.o
                0x080061ea                MPU_Get_Accelerometer
 .text.MPU_Write_Len
                0x0800624e       0x84 ./Core/mpu6500/mpu6500.o
                0x0800624e                MPU_Write_Len
 .text.MPU_Read_Len
                0x080062d2       0xa4 ./Core/mpu6500/mpu6500.o
                0x080062d2                MPU_Read_Len
 .text.MPU_Write_Byte
                0x08006376       0x60 ./Core/mpu6500/mpu6500.o
                0x08006376                MPU_Write_Byte
 .text.MPU_Read_Byte
                0x080063d6       0x4a ./Core/mpu6500/mpu6500.o
                0x080063d6                MPU_Read_Byte
 .text.WriteCmd
                0x08006420       0x4c ./Core/oled/oled.o
                0x08006420                WriteCmd
 .text.OLED_WR_CMD
                0x0800646c       0x30 ./Core/oled/oled.o
                0x0800646c                OLED_WR_CMD
 .text.OLED_WR_DATA
                0x0800649c       0x30 ./Core/oled/oled.o
                0x0800649c                OLED_WR_DATA
 .text.OLED_Init
                0x080064cc       0x12 ./Core/oled/oled.o
                0x080064cc                OLED_Init
 .text.OLED_Clear
                0x080064de       0x54 ./Core/oled/oled.o
                0x080064de                OLED_Clear
 *fill*         0x08006532        0x2 
 .text.OLED_ShowChar
                0x08006534      0x198 ./Core/oled/oled.o
                0x08006534                OLED_ShowChar
 .text.OLED_ShowString
                0x080066cc       0x68 ./Core/oled/oled.o
                0x080066cc                OLED_ShowString
 .text.OLED_Refresh
                0x08006734       0x34 ./Core/oled/oled.o
                0x08006734                OLED_Refresh
 .text.Vertical
                0x08006768       0x5c ./Core/pid/pid.o
                0x08006768                Vertical
 .text.Velocity
                0x080067c4      0x130 ./Core/pid/pid.o
                0x080067c4                Velocity
 .text.Turn     0x080068f4       0x54 ./Core/pid/pid.o
                0x080068f4                Turn
 .text.Control  0x08006948      0x53c ./Core/pid/pid.o
                0x08006948                Control
 .text.GET_Distance
                0x08006e84       0x28 ./Core/sr04/sr04.o
                0x08006e84                GET_Distance
 .text.HAL_Init
                0x08006eac       0x44 ./Drivers/STM32F4xx_HAL_Driver/Src/stm32f4xx_hal.o
                0x08006eac                HAL_Init
 .text.HAL_IncTick
                0x08006ef0       0x28 ./Drivers/STM32F4xx_HAL_Driver/Src/stm32f4xx_hal.o
                0x08006ef0                HAL_IncTick
 .text.HAL_GetTick
                0x08006f18       0x18 ./Drivers/STM32F4xx_HAL_Driver/Src/stm32f4xx_hal.o
                0x08006f18                HAL_GetTick
 .text.HAL_Delay
                0x08006f30       0x48 ./Drivers/STM32F4xx_HAL_Driver/Src/stm32f4xx_hal.o
                0x08006f30                HAL_Delay
 .text.HAL_ADC_Init
                0x08006f78       0x86 ./Drivers/STM32F4xx_HAL_Driver/Src/stm32f4xx_hal_adc.o
                0x08006f78                HAL_ADC_Init
 *fill*         0x08006ffe        0x2 
 .text.HAL_ADC_Start
                0x08007000      0x168 ./Drivers/STM32F4xx_HAL_Driver/Src/stm32f4xx_hal_adc.o
                0x08007000                HAL_ADC_Start
 .text.HAL_ADC_PollForConversion
                0x08007168      0x116 ./Drivers/STM32F4xx_HAL_Driver/Src/stm32f4xx_hal_adc.o
                0x08007168                HAL_ADC_PollForConversion
 .text.HAL_ADC_IRQHandler
                0x0800727e      0x220 ./Drivers/STM32F4xx_HAL_Driver/Src/stm32f4xx_hal_adc.o
                0x0800727e                HAL_ADC_IRQHandler
 .text.HAL_ADC_GetValue
                0x0800749e       0x1a ./Drivers/STM32F4xx_HAL_Driver/Src/stm32f4xx_hal_adc.o
                0x0800749e                HAL_ADC_GetValue
 .text.HAL_ADC_ConvCpltCallback
                0x080074b8       0x14 ./Drivers/STM32F4xx_HAL_Driver/Src/stm32f4xx_hal_adc.o
                0x080074b8                HAL_ADC_ConvCpltCallback
 .text.HAL_ADC_LevelOutOfWindowCallback
                0x080074cc       0x14 ./Drivers/STM32F4xx_HAL_Driver/Src/stm32f4xx_hal_adc.o
                0x080074cc                HAL_ADC_LevelOutOfWindowCallback
 .text.HAL_ADC_ErrorCallback
                0x080074e0       0x14 ./Drivers/STM32F4xx_HAL_Driver/Src/stm32f4xx_hal_adc.o
                0x080074e0                HAL_ADC_ErrorCallback
 .text.HAL_ADC_ConfigChannel
                0x080074f4      0x244 ./Drivers/STM32F4xx_HAL_Driver/Src/stm32f4xx_hal_adc.o
                0x080074f4                HAL_ADC_ConfigChannel
 .text.ADC_Init
                0x08007738      0x1f8 ./Drivers/STM32F4xx_HAL_Driver/Src/stm32f4xx_hal_adc.o
 .text.HAL_ADCEx_InjectedConvCpltCallback
                0x08007930       0x14 ./Drivers/STM32F4xx_HAL_Driver/Src/stm32f4xx_hal_adc_ex.o
                0x08007930                HAL_ADCEx_InjectedConvCpltCallback
 .text.__NVIC_SetPriorityGrouping
                0x08007944       0x48 ./Drivers/STM32F4xx_HAL_Driver/Src/stm32f4xx_hal_cortex.o
 .text.__NVIC_GetPriorityGrouping
                0x0800798c       0x1c ./Drivers/STM32F4xx_HAL_Driver/Src/stm32f4xx_hal_cortex.o
 .text.__NVIC_EnableIRQ
                0x080079a8       0x3c ./Drivers/STM32F4xx_HAL_Driver/Src/stm32f4xx_hal_cortex.o
 .text.__NVIC_SetPriority
                0x080079e4       0x54 ./Drivers/STM32F4xx_HAL_Driver/Src/stm32f4xx_hal_cortex.o
 .text.NVIC_EncodePriority
                0x08007a38       0x66 ./Drivers/STM32F4xx_HAL_Driver/Src/stm32f4xx_hal_cortex.o
 .text.HAL_NVIC_SetPriorityGrouping
                0x08007a9e       0x16 ./Drivers/STM32F4xx_HAL_Driver/Src/stm32f4xx_hal_cortex.o
                0x08007a9e                HAL_NVIC_SetPriorityGrouping
 .text.HAL_NVIC_SetPriority
                0x08007ab4       0x38 ./Drivers/STM32F4xx_HAL_Driver/Src/stm32f4xx_hal_cortex.o
                0x08007ab4                HAL_NVIC_SetPriority
 .text.HAL_NVIC_EnableIRQ
                0x08007aec       0x1c ./Drivers/STM32F4xx_HAL_Driver/Src/stm32f4xx_hal_cortex.o
                0x08007aec                HAL_NVIC_EnableIRQ
 .text.HAL_DMA_Init
                0x08007b08      0x15c ./Drivers/STM32F4xx_HAL_Driver/Src/stm32f4xx_hal_dma.o
                0x08007b08                HAL_DMA_Init
 .text.HAL_DMA_Start_IT
                0x08007c64       0xb0 ./Drivers/STM32F4xx_HAL_Driver/Src/stm32f4xx_hal_dma.o
                0x08007c64                HAL_DMA_Start_IT
 .text.HAL_DMA_Abort
                0x08007d14       0xe0 ./Drivers/STM32F4xx_HAL_Driver/Src/stm32f4xx_hal_dma.o
                0x08007d14                HAL_DMA_Abort
 .text.HAL_DMA_Abort_IT
                0x08007df4       0x44 ./Drivers/STM32F4xx_HAL_Driver/Src/stm32f4xx_hal_dma.o
                0x08007df4                HAL_DMA_Abort_IT
 .text.HAL_DMA_IRQHandler
                0x08007e38      0x314 ./Drivers/STM32F4xx_HAL_Driver/Src/stm32f4xx_hal_dma.o
                0x08007e38                HAL_DMA_IRQHandler
 .text.HAL_DMA_GetState
                0x0800814c       0x1c ./Drivers/STM32F4xx_HAL_Driver/Src/stm32f4xx_hal_dma.o
                0x0800814c                HAL_DMA_GetState
 .text.HAL_DMA_GetError
                0x08008168       0x18 ./Drivers/STM32F4xx_HAL_Driver/Src/stm32f4xx_hal_dma.o
                0x08008168                HAL_DMA_GetError
 .text.DMA_SetConfig
                0x08008180       0x5c ./Drivers/STM32F4xx_HAL_Driver/Src/stm32f4xx_hal_dma.o
 .text.DMA_CalcBaseAndBitshift
                0x080081dc       0x6c ./Drivers/STM32F4xx_HAL_Driver/Src/stm32f4xx_hal_dma.o
 .text.DMA_CheckFifoParam
                0x08008248       0xf8 ./Drivers/STM32F4xx_HAL_Driver/Src/stm32f4xx_hal_dma.o
 .text.HAL_GPIO_Init
                0x08008340      0x308 ./Drivers/STM32F4xx_HAL_Driver/Src/stm32f4xx_hal_gpio.o
                0x08008340                HAL_GPIO_Init
 .text.HAL_GPIO_ReadPin
                0x08008648       0x30 ./Drivers/STM32F4xx_HAL_Driver/Src/stm32f4xx_hal_gpio.o
                0x08008648                HAL_GPIO_ReadPin
 .text.HAL_GPIO_WritePin
                0x08008678       0x32 ./Drivers/STM32F4xx_HAL_Driver/Src/stm32f4xx_hal_gpio.o
                0x08008678                HAL_GPIO_WritePin
 *fill*         0x080086aa        0x2 
 .text.HAL_GPIO_EXTI_IRQHandler
                0x080086ac       0x30 ./Drivers/STM32F4xx_HAL_Driver/Src/stm32f4xx_hal_gpio.o
                0x080086ac                HAL_GPIO_EXTI_IRQHandler
 .text.HAL_I2C_Init
                0x080086dc      0x288 ./Drivers/STM32F4xx_HAL_Driver/Src/stm32f4xx_hal_i2c.o
                0x080086dc                HAL_I2C_Init
 .text.I2C_Flush_DR
                0x08008964       0x2a ./Drivers/STM32F4xx_HAL_Driver/Src/stm32f4xx_hal_i2c.o
 *fill*         0x0800898e        0x2 
 .text.HAL_I2C_Mem_Write
                0x08008990      0x1f4 ./Drivers/STM32F4xx_HAL_Driver/Src/stm32f4xx_hal_i2c.o
                0x08008990                HAL_I2C_Mem_Write
 .text.HAL_I2C_Mem_Write_DMA
                0x08008b84      0x2bc ./Drivers/STM32F4xx_HAL_Driver/Src/stm32f4xx_hal_i2c.o
                0x08008b84                HAL_I2C_Mem_Write_DMA
 .text.HAL_I2C_EV_IRQHandler
                0x08008e40      0x2a6 ./Drivers/STM32F4xx_HAL_Driver/Src/stm32f4xx_hal_i2c.o
                0x08008e40                HAL_I2C_EV_IRQHandler
 .text.HAL_I2C_MasterTxCpltCallback
                0x080090e6       0x14 ./Drivers/STM32F4xx_HAL_Driver/Src/stm32f4xx_hal_i2c.o
                0x080090e6                HAL_I2C_MasterTxCpltCallback
 .text.HAL_I2C_MasterRxCpltCallback
                0x080090fa       0x14 ./Drivers/STM32F4xx_HAL_Driver/Src/stm32f4xx_hal_i2c.o
                0x080090fa                HAL_I2C_MasterRxCpltCallback
 .text.HAL_I2C_SlaveTxCpltCallback
                0x0800910e       0x14 ./Drivers/STM32F4xx_HAL_Driver/Src/stm32f4xx_hal_i2c.o
                0x0800910e                HAL_I2C_SlaveTxCpltCallback
 .text.HAL_I2C_SlaveRxCpltCallback
                0x08009122       0x14 ./Drivers/STM32F4xx_HAL_Driver/Src/stm32f4xx_hal_i2c.o
                0x08009122                HAL_I2C_SlaveRxCpltCallback
 .text.HAL_I2C_AddrCallback
                0x08009136       0x1c ./Drivers/STM32F4xx_HAL_Driver/Src/stm32f4xx_hal_i2c.o
                0x08009136                HAL_I2C_AddrCallback
 .text.HAL_I2C_ListenCpltCallback
                0x08009152       0x14 ./Drivers/STM32F4xx_HAL_Driver/Src/stm32f4xx_hal_i2c.o
                0x08009152                HAL_I2C_ListenCpltCallback
 .text.HAL_I2C_MemRxCpltCallback
                0x08009166       0x14 ./Drivers/STM32F4xx_HAL_Driver/Src/stm32f4xx_hal_i2c.o
                0x08009166                HAL_I2C_MemRxCpltCallback
 .text.HAL_I2C_ErrorCallback
                0x0800917a       0x14 ./Drivers/STM32F4xx_HAL_Driver/Src/stm32f4xx_hal_i2c.o
                0x0800917a                HAL_I2C_ErrorCallback
 .text.HAL_I2C_AbortCpltCallback
                0x0800918e       0x14 ./Drivers/STM32F4xx_HAL_Driver/Src/stm32f4xx_hal_i2c.o
                0x0800918e                HAL_I2C_AbortCpltCallback
 .text.I2C_MasterTransmit_TXE
                0x080091a2      0x138 ./Drivers/STM32F4xx_HAL_Driver/Src/stm32f4xx_hal_i2c.o
 .text.I2C_MasterTransmit_BTF
                0x080092da       0xec ./Drivers/STM32F4xx_HAL_Driver/Src/stm32f4xx_hal_i2c.o
 .text.I2C_MemoryTransmit_TXE_BTF
                0x080093c6      0x130 ./Drivers/STM32F4xx_HAL_Driver/Src/stm32f4xx_hal_i2c.o
 .text.I2C_MasterReceive_RXNE
                0x080094f6      0x190 ./Drivers/STM32F4xx_HAL_Driver/Src/stm32f4xx_hal_i2c.o
 .text.I2C_MasterReceive_BTF
                0x08009686      0x1e2 ./Drivers/STM32F4xx_HAL_Driver/Src/stm32f4xx_hal_i2c.o
 .text.I2C_Master_SB
                0x08009868      0x10c ./Drivers/STM32F4xx_HAL_Driver/Src/stm32f4xx_hal_i2c.o
 .text.I2C_Master_ADD10
                0x08009974       0x54 ./Drivers/STM32F4xx_HAL_Driver/Src/stm32f4xx_hal_i2c.o
 .text.I2C_Master_ADDR
                0x080099c8      0x322 ./Drivers/STM32F4xx_HAL_Driver/Src/stm32f4xx_hal_i2c.o
 .text.I2C_SlaveTransmit_TXE
                0x08009cea       0x7a ./Drivers/STM32F4xx_HAL_Driver/Src/stm32f4xx_hal_i2c.o
 .text.I2C_SlaveTransmit_BTF
                0x08009d64       0x42 ./Drivers/STM32F4xx_HAL_Driver/Src/stm32f4xx_hal_i2c.o
 .text.I2C_SlaveReceive_RXNE
                0x08009da6       0x7c ./Drivers/STM32F4xx_HAL_Driver/Src/stm32f4xx_hal_i2c.o
 .text.I2C_SlaveReceive_BTF
                0x08009e22       0x44 ./Drivers/STM32F4xx_HAL_Driver/Src/stm32f4xx_hal_i2c.o
 .text.I2C_Slave_ADDR
                0x08009e66       0x90 ./Drivers/STM32F4xx_HAL_Driver/Src/stm32f4xx_hal_i2c.o
 *fill*         0x08009ef6        0x2 
 .text.I2C_Slave_STOPF
                0x08009ef8      0x260 ./Drivers/STM32F4xx_HAL_Driver/Src/stm32f4xx_hal_i2c.o
 .text.I2C_ITError
                0x0800a158      0x264 ./Drivers/STM32F4xx_HAL_Driver/Src/stm32f4xx_hal_i2c.o
 .text.I2C_RequestMemoryWrite
                0x0800a3bc      0x12c ./Drivers/STM32F4xx_HAL_Driver/Src/stm32f4xx_hal_i2c.o
 .text.I2C_DMAXferCplt
                0x0800a4e8      0x1be ./Drivers/STM32F4xx_HAL_Driver/Src/stm32f4xx_hal_i2c.o
 .text.I2C_DMAError
                0x0800a6a6       0x7a ./Drivers/STM32F4xx_HAL_Driver/Src/stm32f4xx_hal_i2c.o
 .text.I2C_DMAAbort
                0x0800a720      0x150 ./Drivers/STM32F4xx_HAL_Driver/Src/stm32f4xx_hal_i2c.o
 .text.I2C_WaitOnFlagUntilTimeout
                0x0800a870       0xf4 ./Drivers/STM32F4xx_HAL_Driver/Src/stm32f4xx_hal_i2c.o
 .text.I2C_WaitOnMasterAddressFlagUntilTimeout
                0x0800a964      0x140 ./Drivers/STM32F4xx_HAL_Driver/Src/stm32f4xx_hal_i2c.o
 .text.I2C_WaitOnTXEFlagUntilTimeout
                0x0800aaa4       0x90 ./Drivers/STM32F4xx_HAL_Driver/Src/stm32f4xx_hal_i2c.o
 .text.I2C_WaitOnBTFFlagUntilTimeout
                0x0800ab34       0x90 ./Drivers/STM32F4xx_HAL_Driver/Src/stm32f4xx_hal_i2c.o
 .text.I2C_WaitOnSTOPRequestThroughIT
                0x0800abc4       0x64 ./Drivers/STM32F4xx_HAL_Driver/Src/stm32f4xx_hal_i2c.o
 .text.I2C_IsAcknowledgeFailed
                0x0800ac28       0x5e ./Drivers/STM32F4xx_HAL_Driver/Src/stm32f4xx_hal_i2c.o
 .text.I2C_ConvertOtherXferOptions
                0x0800ac86       0x36 ./Drivers/STM32F4xx_HAL_Driver/Src/stm32f4xx_hal_i2c.o
 .text.HAL_RCC_OscConfig
                0x0800acbc      0x4f0 ./Drivers/STM32F4xx_HAL_Driver/Src/stm32f4xx_hal_rcc.o
                0x0800acbc                HAL_RCC_OscConfig
 .text.HAL_RCC_ClockConfig
                0x0800b1ac      0x1cc ./Drivers/STM32F4xx_HAL_Driver/Src/stm32f4xx_hal_rcc.o
                0x0800b1ac                HAL_RCC_ClockConfig
 .text.HAL_RCC_GetSysClockFreq
                0x0800b378      0x20c ./Drivers/STM32F4xx_HAL_Driver/Src/stm32f4xx_hal_rcc.o
                0x0800b378                HAL_RCC_GetSysClockFreq
 .text.HAL_RCC_GetHCLKFreq
                0x0800b584       0x18 ./Drivers/STM32F4xx_HAL_Driver/Src/stm32f4xx_hal_rcc.o
                0x0800b584                HAL_RCC_GetHCLKFreq
 .text.HAL_RCC_GetPCLK1Freq
                0x0800b59c       0x28 ./Drivers/STM32F4xx_HAL_Driver/Src/stm32f4xx_hal_rcc.o
                0x0800b59c                HAL_RCC_GetPCLK1Freq
 .text.HAL_RCC_GetPCLK2Freq
                0x0800b5c4       0x28 ./Drivers/STM32F4xx_HAL_Driver/Src/stm32f4xx_hal_rcc.o
                0x0800b5c4                HAL_RCC_GetPCLK2Freq
 .text.HAL_RCC_GetClockConfig
                0x0800b5ec       0x64 ./Drivers/STM32F4xx_HAL_Driver/Src/stm32f4xx_hal_rcc.o
                0x0800b5ec                HAL_RCC_GetClockConfig
 .text.HAL_TIM_Base_Init
                0x0800b650       0x9e ./Drivers/STM32F4xx_HAL_Driver/Src/stm32f4xx_hal_tim.o
                0x0800b650                HAL_TIM_Base_Init
 *fill*         0x0800b6ee        0x2 
 .text.HAL_TIM_Base_Start
                0x0800b6f0       0xb4 ./Drivers/STM32F4xx_HAL_Driver/Src/stm32f4xx_hal_tim.o
                0x0800b6f0                HAL_TIM_Base_Start
 .text.HAL_TIM_Base_Stop
                0x0800b7a4       0x4e ./Drivers/STM32F4xx_HAL_Driver/Src/stm32f4xx_hal_tim.o
                0x0800b7a4                HAL_TIM_Base_Stop
 *fill*         0x0800b7f2        0x2 
 .text.HAL_TIM_Base_Start_IT
                0x0800b7f4       0xc4 ./Drivers/STM32F4xx_HAL_Driver/Src/stm32f4xx_hal_tim.o
                0x0800b7f4                HAL_TIM_Base_Start_IT
 .text.HAL_TIM_PWM_Init
                0x0800b8b8       0x9e ./Drivers/STM32F4xx_HAL_Driver/Src/stm32f4xx_hal_tim.o
                0x0800b8b8                HAL_TIM_PWM_Init
 *fill*         0x0800b956        0x2 
 .text.HAL_TIM_PWM_Start
                0x0800b958      0x160 ./Drivers/STM32F4xx_HAL_Driver/Src/stm32f4xx_hal_tim.o
                0x0800b958                HAL_TIM_PWM_Start
 .text.HAL_TIM_PWM_Stop
                0x0800bab8       0xc8 ./Drivers/STM32F4xx_HAL_Driver/Src/stm32f4xx_hal_tim.o
                0x0800bab8                HAL_TIM_PWM_Stop
 .text.HAL_TIM_Encoder_Init
                0x0800bb80      0x14c ./Drivers/STM32F4xx_HAL_Driver/Src/stm32f4xx_hal_tim.o
                0x0800bb80                HAL_TIM_Encoder_Init
 .text.HAL_TIM_Encoder_Start
                0x0800bccc      0x11c ./Drivers/STM32F4xx_HAL_Driver/Src/stm32f4xx_hal_tim.o
                0x0800bccc                HAL_TIM_Encoder_Start
 .text.HAL_TIM_IRQHandler
                0x0800bde8      0x1e0 ./Drivers/STM32F4xx_HAL_Driver/Src/stm32f4xx_hal_tim.o
                0x0800bde8                HAL_TIM_IRQHandler
 .text.HAL_TIM_PWM_ConfigChannel
                0x0800bfc8      0x184 ./Drivers/STM32F4xx_HAL_Driver/Src/stm32f4xx_hal_tim.o
                0x0800bfc8                HAL_TIM_PWM_ConfigChannel
 .text.HAL_TIM_ConfigClockSource
                0x0800c14c      0x18e ./Drivers/STM32F4xx_HAL_Driver/Src/stm32f4xx_hal_tim.o
                0x0800c14c                HAL_TIM_ConfigClockSource
 .text.HAL_TIM_OC_DelayElapsedCallback
                0x0800c2da       0x14 ./Drivers/STM32F4xx_HAL_Driver/Src/stm32f4xx_hal_tim.o
                0x0800c2da                HAL_TIM_OC_DelayElapsedCallback
 .text.HAL_TIM_IC_CaptureCallback
                0x0800c2ee       0x14 ./Drivers/STM32F4xx_HAL_Driver/Src/stm32f4xx_hal_tim.o
                0x0800c2ee                HAL_TIM_IC_CaptureCallback
 .text.HAL_TIM_PWM_PulseFinishedCallback
                0x0800c302       0x14 ./Drivers/STM32F4xx_HAL_Driver/Src/stm32f4xx_hal_tim.o
                0x0800c302                HAL_TIM_PWM_PulseFinishedCallback
 .text.HAL_TIM_TriggerCallback
                0x0800c316       0x14 ./Drivers/STM32F4xx_HAL_Driver/Src/stm32f4xx_hal_tim.o
                0x0800c316                HAL_TIM_TriggerCallback
 *fill*         0x0800c32a        0x2 
 .text.TIM_Base_SetConfig
                0x0800c32c      0x10c ./Drivers/STM32F4xx_HAL_Driver/Src/stm32f4xx_hal_tim.o
                0x0800c32c                TIM_Base_SetConfig
 .text.TIM_OC1_SetConfig
                0x0800c438       0xcc ./Drivers/STM32F4xx_HAL_Driver/Src/stm32f4xx_hal_tim.o
 .text.TIM_OC2_SetConfig
                0x0800c504       0xd8 ./Drivers/STM32F4xx_HAL_Driver/Src/stm32f4xx_hal_tim.o
                0x0800c504                TIM_OC2_SetConfig
 .text.TIM_OC3_SetConfig
                0x0800c5dc       0xd4 ./Drivers/STM32F4xx_HAL_Driver/Src/stm32f4xx_hal_tim.o
 .text.TIM_OC4_SetConfig
                0x0800c6b0       0xa0 ./Drivers/STM32F4xx_HAL_Driver/Src/stm32f4xx_hal_tim.o
 .text.TIM_TI1_ConfigInputStage
                0x0800c750       0x5e ./Drivers/STM32F4xx_HAL_Driver/Src/stm32f4xx_hal_tim.o
 .text.TIM_TI2_ConfigInputStage
                0x0800c7ae       0x60 ./Drivers/STM32F4xx_HAL_Driver/Src/stm32f4xx_hal_tim.o
 .text.TIM_ITRx_SetConfig
                0x0800c80e       0x36 ./Drivers/STM32F4xx_HAL_Driver/Src/stm32f4xx_hal_tim.o
 .text.TIM_ETR_SetConfig
                0x0800c844       0x40 ./Drivers/STM32F4xx_HAL_Driver/Src/stm32f4xx_hal_tim.o
                0x0800c844                TIM_ETR_SetConfig
 .text.TIM_CCxChannelCmd
                0x0800c884       0x4a ./Drivers/STM32F4xx_HAL_Driver/Src/stm32f4xx_hal_tim.o
                0x0800c884                TIM_CCxChannelCmd
 *fill*         0x0800c8ce        0x2 
 .text.HAL_TIMEx_PWMN_Start
                0x0800c8d0      0x158 ./Drivers/STM32F4xx_HAL_Driver/Src/stm32f4xx_hal_tim_ex.o
                0x0800c8d0                HAL_TIMEx_PWMN_Start
 .text.HAL_TIMEx_PWMN_Stop
                0x0800ca28       0xba ./Drivers/STM32F4xx_HAL_Driver/Src/stm32f4xx_hal_tim_ex.o
                0x0800ca28                HAL_TIMEx_PWMN_Stop
 *fill*         0x0800cae2        0x2 
 .text.HAL_TIMEx_MasterConfigSynchronization
                0x0800cae4       0xdc ./Drivers/STM32F4xx_HAL_Driver/Src/stm32f4xx_hal_tim_ex.o
                0x0800cae4                HAL_TIMEx_MasterConfigSynchronization
 .text.HAL_TIMEx_ConfigBreakDeadTime
                0x0800cbc0       0xa4 ./Drivers/STM32F4xx_HAL_Driver/Src/stm32f4xx_hal_tim_ex.o
                0x0800cbc0                HAL_TIMEx_ConfigBreakDeadTime
 .text.HAL_TIMEx_CommutCallback
                0x0800cc64       0x14 ./Drivers/STM32F4xx_HAL_Driver/Src/stm32f4xx_hal_tim_ex.o
                0x0800cc64                HAL_TIMEx_CommutCallback
 .text.HAL_TIMEx_BreakCallback
                0x0800cc78       0x14 ./Drivers/STM32F4xx_HAL_Driver/Src/stm32f4xx_hal_tim_ex.o
                0x0800cc78                HAL_TIMEx_BreakCallback
 .text.TIM_CCxNChannelCmd
                0x0800cc8c       0x4a ./Drivers/STM32F4xx_HAL_Driver/Src/stm32f4xx_hal_tim_ex.o
 .text.HAL_UART_Init
                0x0800ccd6       0xa0 ./Drivers/STM32F4xx_HAL_Driver/Src/stm32f4xx_hal_uart.o
                0x0800ccd6                HAL_UART_Init
 .text.HAL_UART_Receive_IT
                0x0800cd76       0x4a ./Drivers/STM32F4xx_HAL_Driver/Src/stm32f4xx_hal_uart.o
                0x0800cd76                HAL_UART_Receive_IT
 .text.HAL_UART_IRQHandler
                0x0800cdc0      0x554 ./Drivers/STM32F4xx_HAL_Driver/Src/stm32f4xx_hal_uart.o
                0x0800cdc0                HAL_UART_IRQHandler
 .text.HAL_UART_TxCpltCallback
                0x0800d314       0x14 ./Drivers/STM32F4xx_HAL_Driver/Src/stm32f4xx_hal_uart.o
                0x0800d314                HAL_UART_TxCpltCallback
 .text.HAL_UART_RxCpltCallback
                0x0800d328       0x14 ./Drivers/STM32F4xx_HAL_Driver/Src/stm32f4xx_hal_uart.o
                0x0800d328                HAL_UART_RxCpltCallback
 .text.HAL_UART_ErrorCallback
                0x0800d33c       0x14 ./Drivers/STM32F4xx_HAL_Driver/Src/stm32f4xx_hal_uart.o
                0x0800d33c                HAL_UART_ErrorCallback
 .text.HAL_UARTEx_RxEventCallback
                0x0800d350       0x18 ./Drivers/STM32F4xx_HAL_Driver/Src/stm32f4xx_hal_uart.o
                0x0800d350                HAL_UARTEx_RxEventCallback
 .text.UART_Start_Receive_IT
                0x0800d368       0x74 ./Drivers/STM32F4xx_HAL_Driver/Src/stm32f4xx_hal_uart.o
                0x0800d368                UART_Start_Receive_IT
 .text.UART_EndRxTransfer
                0x0800d3dc       0xc6 ./Drivers/STM32F4xx_HAL_Driver/Src/stm32f4xx_hal_uart.o
 .text.UART_DMAAbortOnError
                0x0800d4a2       0x22 ./Drivers/STM32F4xx_HAL_Driver/Src/stm32f4xx_hal_uart.o
 .text.UART_Transmit_IT
                0x0800d4c4       0xa0 ./Drivers/STM32F4xx_HAL_Driver/Src/stm32f4xx_hal_uart.o
 .text.UART_EndTransmit_IT
                0x0800d564       0x30 ./Drivers/STM32F4xx_HAL_Driver/Src/stm32f4xx_hal_uart.o
 .text.UART_Receive_IT
                0x0800d594      0x17c ./Drivers/STM32F4xx_HAL_Driver/Src/stm32f4xx_hal_uart.o
 .text.UART_SetConfig
                0x0800d710      0x4e8 ./Drivers/STM32F4xx_HAL_Driver/Src/stm32f4xx_hal_uart.o
 .text.__NVIC_SetPriority
                0x0800dbf8       0x54 ./Middlewares/Third_Party/FreeRTOS/Source/CMSIS_RTOS_V2/cmsis_os2.o
 .text.SysTick_Handler
                0x0800dc4c       0x20 ./Middlewares/Third_Party/FreeRTOS/Source/CMSIS_RTOS_V2/cmsis_os2.o
                0x0800dc4c                SysTick_Handler
 .text.SVC_Setup
                0x0800dc6c       0x12 ./Middlewares/Third_Party/FreeRTOS/Source/CMSIS_RTOS_V2/cmsis_os2.o
 *fill*         0x0800dc7e        0x2 
 .text.osKernelInitialize
                0x0800dc80       0x48 ./Middlewares/Third_Party/FreeRTOS/Source/CMSIS_RTOS_V2/cmsis_os2.o
                0x0800dc80                osKernelInitialize
 .text.osKernelStart
                0x0800dcc8       0x4c ./Middlewares/Third_Party/FreeRTOS/Source/CMSIS_RTOS_V2/cmsis_os2.o
                0x0800dcc8                osKernelStart
 .text.osThreadNew
                0x0800dd14      0x124 ./Middlewares/Third_Party/FreeRTOS/Source/CMSIS_RTOS_V2/cmsis_os2.o
                0x0800dd14                osThreadNew
 .text.vApplicationGetIdleTaskMemory
                0x0800de38       0x34 ./Middlewares/Third_Party/FreeRTOS/Source/CMSIS_RTOS_V2/cmsis_os2.o
                0x0800de38                vApplicationGetIdleTaskMemory
 .text.vApplicationGetTimerTaskMemory
                0x0800de6c       0x34 ./Middlewares/Third_Party/FreeRTOS/Source/CMSIS_RTOS_V2/cmsis_os2.o
                0x0800de6c                vApplicationGetTimerTaskMemory
 .text.vListInitialise
                0x0800dea0       0x40 ./Middlewares/Third_Party/FreeRTOS/Source/list.o
                0x0800dea0                vListInitialise
 .text.vListInitialiseItem
                0x0800dee0       0x1a ./Middlewares/Third_Party/FreeRTOS/Source/list.o
                0x0800dee0                vListInitialiseItem
 .text.vListInsertEnd
                0x0800defa       0x48 ./Middlewares/Third_Party/FreeRTOS/Source/list.o
                0x0800defa                vListInsertEnd
 .text.vListInsert
                0x0800df42       0x72 ./Middlewares/Third_Party/FreeRTOS/Source/list.o
                0x0800df42                vListInsert
 .text.uxListRemove
                0x0800dfb4       0x54 ./Middlewares/Third_Party/FreeRTOS/Source/list.o
                0x0800dfb4                uxListRemove
 .text.xQueueGenericReset
                0x0800e008       0xd4 ./Middlewares/Third_Party/FreeRTOS/Source/queue.o
                0x0800e008                xQueueGenericReset
 .text.xQueueGenericCreateStatic
                0x0800e0dc       0xfa ./Middlewares/Third_Party/FreeRTOS/Source/queue.o
                0x0800e0dc                xQueueGenericCreateStatic
 .text.prvInitialiseNewQueue
                0x0800e1d6       0x46 ./Middlewares/Third_Party/FreeRTOS/Source/queue.o
 .text.xQueueGenericSend
                0x0800e21c      0x204 ./Middlewares/Third_Party/FreeRTOS/Source/queue.o
                0x0800e21c                xQueueGenericSend
 .text.xQueueGenericSendFromISR
                0x0800e420      0x13c ./Middlewares/Third_Party/FreeRTOS/Source/queue.o
                0x0800e420                xQueueGenericSendFromISR
 .text.xQueueReceive
                0x0800e55c      0x1c4 ./Middlewares/Third_Party/FreeRTOS/Source/queue.o
                0x0800e55c                xQueueReceive
 .text.prvCopyDataToQueue
                0x0800e720       0xd4 ./Middlewares/Third_Party/FreeRTOS/Source/queue.o
 .text.prvCopyDataFromQueue
                0x0800e7f4       0x4c ./Middlewares/Third_Party/FreeRTOS/Source/queue.o
 .text.prvUnlockQueue
                0x0800e840       0xa4 ./Middlewares/Third_Party/FreeRTOS/Source/queue.o
 .text.prvIsQueueEmpty
                0x0800e8e4       0x2c ./Middlewares/Third_Party/FreeRTOS/Source/queue.o
 .text.prvIsQueueFull
                0x0800e910       0x30 ./Middlewares/Third_Party/FreeRTOS/Source/queue.o
 .text.vQueueAddToRegistry
                0x0800e940       0x54 ./Middlewares/Third_Party/FreeRTOS/Source/queue.o
                0x0800e940                vQueueAddToRegistry
 .text.vQueueWaitForMessageRestricted
                0x0800e994       0x68 ./Middlewares/Third_Party/FreeRTOS/Source/queue.o
                0x0800e994                vQueueWaitForMessageRestricted
 .text.xTaskCreateStatic
                0x0800e9fc       0xc0 ./Middlewares/Third_Party/FreeRTOS/Source/tasks.o
                0x0800e9fc                xTaskCreateStatic
 .text.xTaskCreate
                0x0800eabc       0x8a ./Middlewares/Third_Party/FreeRTOS/Source/tasks.o
                0x0800eabc                xTaskCreate
 *fill*         0x0800eb46        0x2 
 .text.prvInitialiseNewTask
                0x0800eb48      0x150 ./Middlewares/Third_Party/FreeRTOS/Source/tasks.o
 .text.prvAddNewTaskToReadyList
                0x0800ec98       0xe0 ./Middlewares/Third_Party/FreeRTOS/Source/tasks.o
 .text.vTaskDelay
                0x0800ed78       0x6c ./Middlewares/Third_Party/FreeRTOS/Source/tasks.o
                0x0800ed78                vTaskDelay
 .text.vTaskStartScheduler
                0x0800ede4       0xe0 ./Middlewares/Third_Party/FreeRTOS/Source/tasks.o
                0x0800ede4                vTaskStartScheduler
 .text.vTaskSuspendAll
                0x0800eec4       0x1c ./Middlewares/Third_Party/FreeRTOS/Source/tasks.o
                0x0800eec4                vTaskSuspendAll
 .text.xTaskResumeAll
                0x0800eee0      0x13c ./Middlewares/Third_Party/FreeRTOS/Source/tasks.o
                0x0800eee0                xTaskResumeAll
 .text.xTaskGetTickCount
                0x0800f01c       0x20 ./Middlewares/Third_Party/FreeRTOS/Source/tasks.o
                0x0800f01c                xTaskGetTickCount
 .text.xTaskIncrementTick
                0x0800f03c      0x174 ./Middlewares/Third_Party/FreeRTOS/Source/tasks.o
                0x0800f03c                xTaskIncrementTick
 .text.vTaskSwitchContext
                0x0800f1b0       0xcc ./Middlewares/Third_Party/FreeRTOS/Source/tasks.o
                0x0800f1b0                vTaskSwitchContext
 .text.vTaskPlaceOnEventList
                0x0800f27c       0x4c ./Middlewares/Third_Party/FreeRTOS/Source/tasks.o
                0x0800f27c                vTaskPlaceOnEventList
 .text.vTaskPlaceOnEventListRestricted
                0x0800f2c8       0x58 ./Middlewares/Third_Party/FreeRTOS/Source/tasks.o
                0x0800f2c8                vTaskPlaceOnEventListRestricted
 .text.xTaskRemoveFromEventList
                0x0800f320       0xc8 ./Middlewares/Third_Party/FreeRTOS/Source/tasks.o
                0x0800f320                xTaskRemoveFromEventList
 .text.vTaskInternalSetTimeOutState
                0x0800f3e8       0x2c ./Middlewares/Third_Party/FreeRTOS/Source/tasks.o
                0x0800f3e8                vTaskInternalSetTimeOutState
 .text.xTaskCheckForTimeOut
                0x0800f414       0xc8 ./Middlewares/Third_Party/FreeRTOS/Source/tasks.o
                0x0800f414                xTaskCheckForTimeOut
 .text.vTaskMissedYield
                0x0800f4dc       0x18 ./Middlewares/Third_Party/FreeRTOS/Source/tasks.o
                0x0800f4dc                vTaskMissedYield
 .text.prvIdleTask
                0x0800f4f4       0x30 ./Middlewares/Third_Party/FreeRTOS/Source/tasks.o
 .text.prvInitialiseTaskLists
                0x0800f524       0x80 ./Middlewares/Third_Party/FreeRTOS/Source/tasks.o
 .text.prvCheckTasksWaitingTermination
                0x0800f5a4       0x5c ./Middlewares/Third_Party/FreeRTOS/Source/tasks.o
 .text.prvDeleteTCB
                0x0800f600       0x6a ./Middlewares/Third_Party/FreeRTOS/Source/tasks.o
 *fill*         0x0800f66a        0x2 
 .text.prvResetNextTaskUnblockTime
                0x0800f66c       0x40 ./Middlewares/Third_Party/FreeRTOS/Source/tasks.o
 .text.xTaskGetSchedulerState
                0x0800f6ac       0x3c ./Middlewares/Third_Party/FreeRTOS/Source/tasks.o
                0x0800f6ac                xTaskGetSchedulerState
 .text.xTaskPriorityDisinherit
                0x0800f6e8       0xe0 ./Middlewares/Third_Party/FreeRTOS/Source/tasks.o
                0x0800f6e8                xTaskPriorityDisinherit
 .text.prvAddCurrentTaskToDelayedList
                0x0800f7c8       0xa8 ./Middlewares/Third_Party/FreeRTOS/Source/tasks.o
 .text.xTimerCreateTimerTask
                0x0800f870       0x94 ./Middlewares/Third_Party/FreeRTOS/Source/timers.o
                0x0800f870                xTimerCreateTimerTask
 .text.xTimerGenericCommand
                0x0800f904       0x9c ./Middlewares/Third_Party/FreeRTOS/Source/timers.o
                0x0800f904                xTimerGenericCommand
 .text.prvProcessExpiredTimer
                0x0800f9a0       0x9c ./Middlewares/Third_Party/FreeRTOS/Source/timers.o
 .text.prvTimerTask
                0x0800fa3c       0x26 ./Middlewares/Third_Party/FreeRTOS/Source/timers.o
 *fill*         0x0800fa62        0x2 
 .text.prvProcessTimerOrBlockTask
                0x0800fa64       0x9c ./Middlewares/Third_Party/FreeRTOS/Source/timers.o
 .text.prvGetNextExpireTime
                0x0800fb00       0x48 ./Middlewares/Third_Party/FreeRTOS/Source/timers.o
 .text.prvSampleTimeNow
                0x0800fb48       0x40 ./Middlewares/Third_Party/FreeRTOS/Source/timers.o
 .text.prvInsertTimerInActiveList
                0x0800fb88       0x84 ./Middlewares/Third_Party/FreeRTOS/Source/timers.o
 .text.prvProcessReceivedCommands
                0x0800fc0c      0x1cc ./Middlewares/Third_Party/FreeRTOS/Source/timers.o
 .text.prvSwitchTimerLists
                0x0800fdd8       0xcc ./Middlewares/Third_Party/FreeRTOS/Source/timers.o
 .text.prvCheckForValidListAndQueue
                0x0800fea4       0x80 ./Middlewares/Third_Party/FreeRTOS/Source/timers.o
 .text.pxPortInitialiseStack
                0x0800ff24       0x68 ./Middlewares/Third_Party/FreeRTOS/Source/portable/GCC/ARM_CM4F/port.o
                0x0800ff24                pxPortInitialiseStack
 .text.prvTaskExitError
                0x0800ff8c       0x5c ./Middlewares/Third_Party/FreeRTOS/Source/portable/GCC/ARM_CM4F/port.o
 *fill*         0x0800ffe8        0x8 
 .text.SVC_Handler
                0x0800fff0       0x28 ./Middlewares/Third_Party/FreeRTOS/Source/portable/GCC/ARM_CM4F/port.o
                0x0800fff0                SVC_Handler
 .text.prvPortStartFirstTask
                0x08010018       0x28 ./Middlewares/Third_Party/FreeRTOS/Source/portable/GCC/ARM_CM4F/port.o
 .text.xPortStartScheduler
                0x08010040      0x148 ./Middlewares/Third_Party/FreeRTOS/Source/portable/GCC/ARM_CM4F/port.o
                0x08010040                xPortStartScheduler
 .text.vPortEnterCritical
                0x08010188       0x64 ./Middlewares/Third_Party/FreeRTOS/Source/portable/GCC/ARM_CM4F/port.o
                0x08010188                vPortEnterCritical
 .text.vPortExitCritical
                0x080101ec       0x54 ./Middlewares/Third_Party/FreeRTOS/Source/portable/GCC/ARM_CM4F/port.o
                0x080101ec                vPortExitCritical
 .text.PendSV_Handler
                0x08010240       0x68 ./Middlewares/Third_Party/FreeRTOS/Source/portable/GCC/ARM_CM4F/port.o
                0x08010240                PendSV_Handler
 .text.xPortSysTickHandler
                0x080102a8       0x44 ./Middlewares/Third_Party/FreeRTOS/Source/portable/GCC/ARM_CM4F/port.o
                0x080102a8                xPortSysTickHandler
 .text.vPortSetupTimerInterrupt
                0x080102ec       0x48 ./Middlewares/Third_Party/FreeRTOS/Source/portable/GCC/ARM_CM4F/port.o
                0x080102ec                vPortSetupTimerInterrupt
 .text.vPortEnableVFP
                0x08010334       0x14 ./Middlewares/Third_Party/FreeRTOS/Source/portable/GCC/ARM_CM4F/port.o
 .text.vPortValidateInterruptPriority
                0x08010348       0x84 ./Middlewares/Third_Party/FreeRTOS/Source/portable/GCC/ARM_CM4F/port.o
                0x08010348                vPortValidateInterruptPriority
 .text.pvPortMalloc
                0x080103cc      0x19c ./Middlewares/Third_Party/FreeRTOS/Source/portable/MemMang/heap_4.o
                0x080103cc                pvPortMalloc
 .text.vPortFree
                0x08010568       0xc8 ./Middlewares/Third_Party/FreeRTOS/Source/portable/MemMang/heap_4.o
                0x08010568                vPortFree
 .text.prvHeapInit
                0x08010630       0xc4 ./Middlewares/Third_Party/FreeRTOS/Source/portable/MemMang/heap_4.o
 .text.prvInsertBlockIntoFreeList
                0x080106f4       0xb4 ./Middlewares/Third_Party/FreeRTOS/Source/portable/MemMang/heap_4.o
 .text.__cvt    0x080107a8       0xca D:/stm32CubeIDE/STM32CubeIDE_1.17.0/STM32CubeIDE/plugins/com.st.stm32cube.ide.mcu.externaltools.gnu-tools-for-stm32.12.3.rel1.win32_1.1.0.202410251130/tools/bin/../lib/gcc/arm-none-eabi/12.3.1/../../../../arm-none-eabi/lib/thumb/v7e-m+fp/hard\libc_nano.a(libc_a-nano-vfprintf_float.o)
                0x080107a8                __cvt
 .text.__exponent
                0x08010872       0x74 D:/stm32CubeIDE/STM32CubeIDE_1.17.0/STM32CubeIDE/plugins/com.st.stm32cube.ide.mcu.externaltools.gnu-tools-for-stm32.12.3.rel1.win32_1.1.0.202410251130/tools/bin/../lib/gcc/arm-none-eabi/12.3.1/../../../../arm-none-eabi/lib/thumb/v7e-m+fp/hard\libc_nano.a(libc_a-nano-vfprintf_float.o)
                0x08010872                __exponent
 *fill*         0x080108e6        0x2 
 .text._printf_float
                0x080108e8      0x454 D:/stm32CubeIDE/STM32CubeIDE_1.17.0/STM32CubeIDE/plugins/com.st.stm32cube.ide.mcu.externaltools.gnu-tools-for-stm32.12.3.rel1.win32_1.1.0.202410251130/tools/bin/../lib/gcc/arm-none-eabi/12.3.1/../../../../arm-none-eabi/lib/thumb/v7e-m+fp/hard\libc_nano.a(libc_a-nano-vfprintf_float.o)
                0x080108e8                _printf_float
 .text._printf_common
                0x08010d3c       0xda D:/stm32CubeIDE/STM32CubeIDE_1.17.0/STM32CubeIDE/plugins/com.st.stm32cube.ide.mcu.externaltools.gnu-tools-for-stm32.12.3.rel1.win32_1.1.0.202410251130/tools/bin/../lib/gcc/arm-none-eabi/12.3.1/../../../../arm-none-eabi/lib/thumb/v7e-m+fp/hard\libc_nano.a(libc_a-nano-vfprintf_i.o)
                0x08010d3c                _printf_common
 *fill*         0x08010e16        0x2 
 .text._printf_i
                0x08010e18      0x240 D:/stm32CubeIDE/STM32CubeIDE_1.17.0/STM32CubeIDE/plugins/com.st.stm32cube.ide.mcu.externaltools.gnu-tools-for-stm32.12.3.rel1.win32_1.1.0.202410251130/tools/bin/../lib/gcc/arm-none-eabi/12.3.1/../../../../arm-none-eabi/lib/thumb/v7e-m+fp/hard\libc_nano.a(libc_a-nano-vfprintf_i.o)
                0x08010e18                _printf_i
 .text._scanf_float
                0x08011058      0x428 D:/stm32CubeIDE/STM32CubeIDE_1.17.0/STM32CubeIDE/plugins/com.st.stm32cube.ide.mcu.externaltools.gnu-tools-for-stm32.12.3.rel1.win32_1.1.0.202410251130/tools/bin/../lib/gcc/arm-none-eabi/12.3.1/../../../../arm-none-eabi/lib/thumb/v7e-m+fp/hard\libc_nano.a(libc_a-nano-vfscanf_float.o)
                0x08011058                _scanf_float
 .text.std      0x08011480       0x6c D:/stm32CubeIDE/STM32CubeIDE_1.17.0/STM32CubeIDE/plugins/com.st.stm32cube.ide.mcu.externaltools.gnu-tools-for-stm32.12.3.rel1.win32_1.1.0.202410251130/tools/bin/../lib/gcc/arm-none-eabi/12.3.1/../../../../arm-none-eabi/lib/thumb/v7e-m+fp/hard\libc_nano.a(libc_a-findfp.o)
 .text.stdio_exit_handler
                0x080114ec       0x18 D:/stm32CubeIDE/STM32CubeIDE_1.17.0/STM32CubeIDE/plugins/com.st.stm32cube.ide.mcu.externaltools.gnu-tools-for-stm32.12.3.rel1.win32_1.1.0.202410251130/tools/bin/../lib/gcc/arm-none-eabi/12.3.1/../../../../arm-none-eabi/lib/thumb/v7e-m+fp/hard\libc_nano.a(libc_a-findfp.o)
 .text.cleanup_stdio
                0x08011504       0x40 D:/stm32CubeIDE/STM32CubeIDE_1.17.0/STM32CubeIDE/plugins/com.st.stm32cube.ide.mcu.externaltools.gnu-tools-for-stm32.12.3.rel1.win32_1.1.0.202410251130/tools/bin/../lib/gcc/arm-none-eabi/12.3.1/../../../../arm-none-eabi/lib/thumb/v7e-m+fp/hard\libc_nano.a(libc_a-findfp.o)
 .text.global_stdio_init.part.0
                0x08011544       0x3c D:/stm32CubeIDE/STM32CubeIDE_1.17.0/STM32CubeIDE/plugins/com.st.stm32cube.ide.mcu.externaltools.gnu-tools-for-stm32.12.3.rel1.win32_1.1.0.202410251130/tools/bin/../lib/gcc/arm-none-eabi/12.3.1/../../../../arm-none-eabi/lib/thumb/v7e-m+fp/hard\libc_nano.a(libc_a-findfp.o)
 .text.__sfp_lock_acquire
                0x08011580        0xc D:/stm32CubeIDE/STM32CubeIDE_1.17.0/STM32CubeIDE/plugins/com.st.stm32cube.ide.mcu.externaltools.gnu-tools-for-stm32.12.3.rel1.win32_1.1.0.202410251130/tools/bin/../lib/gcc/arm-none-eabi/12.3.1/../../../../arm-none-eabi/lib/thumb/v7e-m+fp/hard\libc_nano.a(libc_a-findfp.o)
                0x08011580                __sfp_lock_acquire
 .text.__sfp_lock_release
                0x0801158c        0xc D:/stm32CubeIDE/STM32CubeIDE_1.17.0/STM32CubeIDE/plugins/com.st.stm32cube.ide.mcu.externaltools.gnu-tools-for-stm32.12.3.rel1.win32_1.1.0.202410251130/tools/bin/../lib/gcc/arm-none-eabi/12.3.1/../../../../arm-none-eabi/lib/thumb/v7e-m+fp/hard\libc_nano.a(libc_a-findfp.o)
                0x0801158c                __sfp_lock_release
 .text.__sinit  0x08011598       0x30 D:/stm32CubeIDE/STM32CubeIDE_1.17.0/STM32CubeIDE/plugins/com.st.stm32cube.ide.mcu.externaltools.gnu-tools-for-stm32.12.3.rel1.win32_1.1.0.202410251130/tools/bin/../lib/gcc/arm-none-eabi/12.3.1/../../../../arm-none-eabi/lib/thumb/v7e-m+fp/hard\libc_nano.a(libc_a-findfp.o)
                0x08011598                __sinit
 .text._fwalk_sglue
                0x080115c8       0x3c D:/stm32CubeIDE/STM32CubeIDE_1.17.0/STM32CubeIDE/plugins/com.st.stm32cube.ide.mcu.externaltools.gnu-tools-for-stm32.12.3.rel1.win32_1.1.0.202410251130/tools/bin/../lib/gcc/arm-none-eabi/12.3.1/../../../../arm-none-eabi/lib/thumb/v7e-m+fp/hard\libc_nano.a(libc_a-fwalk.o)
                0x080115c8                _fwalk_sglue
 .text.sprintf  0x08011604       0x40 D:/stm32CubeIDE/STM32CubeIDE_1.17.0/STM32CubeIDE/plugins/com.st.stm32cube.ide.mcu.externaltools.gnu-tools-for-stm32.12.3.rel1.win32_1.1.0.202410251130/tools/bin/../lib/gcc/arm-none-eabi/12.3.1/../../../../arm-none-eabi/lib/thumb/v7e-m+fp/hard\libc_nano.a(libc_a-sprintf.o)
                0x08011604                siprintf
                0x08011604                sprintf
 .text.__sread  0x08011644       0x22 D:/stm32CubeIDE/STM32CubeIDE_1.17.0/STM32CubeIDE/plugins/com.st.stm32cube.ide.mcu.externaltools.gnu-tools-for-stm32.12.3.rel1.win32_1.1.0.202410251130/tools/bin/../lib/gcc/arm-none-eabi/12.3.1/../../../../arm-none-eabi/lib/thumb/v7e-m+fp/hard\libc_nano.a(libc_a-stdio.o)
                0x08011644                __sread
 .text.__swrite
                0x08011666       0x38 D:/stm32CubeIDE/STM32CubeIDE_1.17.0/STM32CubeIDE/plugins/com.st.stm32cube.ide.mcu.externaltools.gnu-tools-for-stm32.12.3.rel1.win32_1.1.0.202410251130/tools/bin/../lib/gcc/arm-none-eabi/12.3.1/../../../../arm-none-eabi/lib/thumb/v7e-m+fp/hard\libc_nano.a(libc_a-stdio.o)
                0x08011666                __swrite
 .text.__sseek  0x0801169e       0x24 D:/stm32CubeIDE/STM32CubeIDE_1.17.0/STM32CubeIDE/plugins/com.st.stm32cube.ide.mcu.externaltools.gnu-tools-for-stm32.12.3.rel1.win32_1.1.0.202410251130/tools/bin/../lib/gcc/arm-none-eabi/12.3.1/../../../../arm-none-eabi/lib/thumb/v7e-m+fp/hard\libc_nano.a(libc_a-stdio.o)
                0x0801169e                __sseek
 .text.__sclose
                0x080116c2        0x8 D:/stm32CubeIDE/STM32CubeIDE_1.17.0/STM32CubeIDE/plugins/com.st.stm32cube.ide.mcu.externaltools.gnu-tools-for-stm32.12.3.rel1.win32_1.1.0.202410251130/tools/bin/../lib/gcc/arm-none-eabi/12.3.1/../../../../arm-none-eabi/lib/thumb/v7e-m+fp/hard\libc_nano.a(libc_a-stdio.o)
                0x080116c2                __sclose
 .text.memcmp   0x080116ca       0x20 D:/stm32CubeIDE/STM32CubeIDE_1.17.0/STM32CubeIDE/plugins/com.st.stm32cube.ide.mcu.externaltools.gnu-tools-for-stm32.12.3.rel1.win32_1.1.0.202410251130/tools/bin/../lib/gcc/arm-none-eabi/12.3.1/../../../../arm-none-eabi/lib/thumb/v7e-m+fp/hard\libc_nano.a(libc_a-memcmp.o)
                0x080116ca                memcmp
 .text.memset   0x080116ea       0x10 D:/stm32CubeIDE/STM32CubeIDE_1.17.0/STM32CubeIDE/plugins/com.st.stm32cube.ide.mcu.externaltools.gnu-tools-for-stm32.12.3.rel1.win32_1.1.0.202410251130/tools/bin/../lib/gcc/arm-none-eabi/12.3.1/../../../../arm-none-eabi/lib/thumb/v7e-m+fp/hard\libc_nano.a(libc_a-memset.o)
                0x080116ea                memset
 *fill*         0x080116fa        0x2 
 .text._localeconv_r
                0x080116fc        0x8 D:/stm32CubeIDE/STM32CubeIDE_1.17.0/STM32CubeIDE/plugins/com.st.stm32cube.ide.mcu.externaltools.gnu-tools-for-stm32.12.3.rel1.win32_1.1.0.202410251130/tools/bin/../lib/gcc/arm-none-eabi/12.3.1/../../../../arm-none-eabi/lib/thumb/v7e-m+fp/hard\libc_nano.a(libc_a-localeconv.o)
                0x080116fc                _localeconv_r
 .text._close_r
                0x08011704       0x20 D:/stm32CubeIDE/STM32CubeIDE_1.17.0/STM32CubeIDE/plugins/com.st.stm32cube.ide.mcu.externaltools.gnu-tools-for-stm32.12.3.rel1.win32_1.1.0.202410251130/tools/bin/../lib/gcc/arm-none-eabi/12.3.1/../../../../arm-none-eabi/lib/thumb/v7e-m+fp/hard\libc_nano.a(libc_a-closer.o)
                0x08011704                _close_r
 .text._reclaim_reent
                0x08011724       0xac D:/stm32CubeIDE/STM32CubeIDE_1.17.0/STM32CubeIDE/plugins/com.st.stm32cube.ide.mcu.externaltools.gnu-tools-for-stm32.12.3.rel1.win32_1.1.0.202410251130/tools/bin/../lib/gcc/arm-none-eabi/12.3.1/../../../../arm-none-eabi/lib/thumb/v7e-m+fp/hard\libc_nano.a(libc_a-reent.o)
                0x08011724                _reclaim_reent
 .text._lseek_r
                0x080117d0       0x24 D:/stm32CubeIDE/STM32CubeIDE_1.17.0/STM32CubeIDE/plugins/com.st.stm32cube.ide.mcu.externaltools.gnu-tools-for-stm32.12.3.rel1.win32_1.1.0.202410251130/tools/bin/../lib/gcc/arm-none-eabi/12.3.1/../../../../arm-none-eabi/lib/thumb/v7e-m+fp/hard\libc_nano.a(libc_a-lseekr.o)
                0x080117d0                _lseek_r
 .text._read_r  0x080117f4       0x24 D:/stm32CubeIDE/STM32CubeIDE_1.17.0/STM32CubeIDE/plugins/com.st.stm32cube.ide.mcu.externaltools.gnu-tools-for-stm32.12.3.rel1.win32_1.1.0.202410251130/tools/bin/../lib/gcc/arm-none-eabi/12.3.1/../../../../arm-none-eabi/lib/thumb/v7e-m+fp/hard\libc_nano.a(libc_a-readr.o)
                0x080117f4                _read_r
 .text._write_r
                0x08011818       0x24 D:/stm32CubeIDE/STM32CubeIDE_1.17.0/STM32CubeIDE/plugins/com.st.stm32cube.ide.mcu.externaltools.gnu-tools-for-stm32.12.3.rel1.win32_1.1.0.202410251130/tools/bin/../lib/gcc/arm-none-eabi/12.3.1/../../../../arm-none-eabi/lib/thumb/v7e-m+fp/hard\libc_nano.a(libc_a-writer.o)
                0x08011818                _write_r
 .text.__errno  0x0801183c        0xc D:/stm32CubeIDE/STM32CubeIDE_1.17.0/STM32CubeIDE/plugins/com.st.stm32cube.ide.mcu.externaltools.gnu-tools-for-stm32.12.3.rel1.win32_1.1.0.202410251130/tools/bin/../lib/gcc/arm-none-eabi/12.3.1/../../../../arm-none-eabi/lib/thumb/v7e-m+fp/hard\libc_nano.a(libc_a-errno.o)
                0x0801183c                __errno
 .text.__libc_init_array
                0x08011848       0x48 D:/stm32CubeIDE/STM32CubeIDE_1.17.0/STM32CubeIDE/plugins/com.st.stm32cube.ide.mcu.externaltools.gnu-tools-for-stm32.12.3.rel1.win32_1.1.0.202410251130/tools/bin/../lib/gcc/arm-none-eabi/12.3.1/../../../../arm-none-eabi/lib/thumb/v7e-m+fp/hard\libc_nano.a(libc_a-init.o)
                0x08011848                __libc_init_array
 .text.__retarget_lock_init_recursive
                0x08011890        0x2 D:/stm32CubeIDE/STM32CubeIDE_1.17.0/STM32CubeIDE/plugins/com.st.stm32cube.ide.mcu.externaltools.gnu-tools-for-stm32.12.3.rel1.win32_1.1.0.202410251130/tools/bin/../lib/gcc/arm-none-eabi/12.3.1/../../../../arm-none-eabi/lib/thumb/v7e-m+fp/hard\libc_nano.a(libc_a-lock.o)
                0x08011890                __retarget_lock_init_recursive
 .text.__retarget_lock_acquire_recursive
                0x08011892        0x2 D:/stm32CubeIDE/STM32CubeIDE_1.17.0/STM32CubeIDE/plugins/com.st.stm32cube.ide.mcu.externaltools.gnu-tools-for-stm32.12.3.rel1.win32_1.1.0.202410251130/tools/bin/../lib/gcc/arm-none-eabi/12.3.1/../../../../arm-none-eabi/lib/thumb/v7e-m+fp/hard\libc_nano.a(libc_a-lock.o)
                0x08011892                __retarget_lock_acquire_recursive
 .text.__retarget_lock_release_recursive
                0x08011894        0x2 D:/stm32CubeIDE/STM32CubeIDE_1.17.0/STM32CubeIDE/plugins/com.st.stm32cube.ide.mcu.externaltools.gnu-tools-for-stm32.12.3.rel1.win32_1.1.0.202410251130/tools/bin/../lib/gcc/arm-none-eabi/12.3.1/../../../../arm-none-eabi/lib/thumb/v7e-m+fp/hard\libc_nano.a(libc_a-lock.o)
                0x08011894                __retarget_lock_release_recursive
 .text.memcpy   0x08011896       0x1c D:/stm32CubeIDE/STM32CubeIDE_1.17.0/STM32CubeIDE/plugins/com.st.stm32cube.ide.mcu.externaltools.gnu-tools-for-stm32.12.3.rel1.win32_1.1.0.202410251130/tools/bin/../lib/gcc/arm-none-eabi/12.3.1/../../../../arm-none-eabi/lib/thumb/v7e-m+fp/hard\libc_nano.a(libc_a-memcpy-stub.o)
                0x08011896                memcpy
 *fill*         0x080118b2        0x2 
 .text.nanf     0x080118b4        0xc D:/stm32CubeIDE/STM32CubeIDE_1.17.0/STM32CubeIDE/plugins/com.st.stm32cube.ide.mcu.externaltools.gnu-tools-for-stm32.12.3.rel1.win32_1.1.0.202410251130/tools/bin/../lib/gcc/arm-none-eabi/12.3.1/../../../../arm-none-eabi/lib/thumb/v7e-m+fp/hard\libc_nano.a(libm_a-sf_nan.o)
                0x080118b4                nanf
 .text.quorem   0x080118c0      0x110 D:/stm32CubeIDE/STM32CubeIDE_1.17.0/STM32CubeIDE/plugins/com.st.stm32cube.ide.mcu.externaltools.gnu-tools-for-stm32.12.3.rel1.win32_1.1.0.202410251130/tools/bin/../lib/gcc/arm-none-eabi/12.3.1/../../../../arm-none-eabi/lib/thumb/v7e-m+fp/hard\libc_nano.a(libc_a-dtoa.o)
 .text._dtoa_r  0x080119d0      0xb88 D:/stm32CubeIDE/STM32CubeIDE_1.17.0/STM32CubeIDE/plugins/com.st.stm32cube.ide.mcu.externaltools.gnu-tools-for-stm32.12.3.rel1.win32_1.1.0.202410251130/tools/bin/../lib/gcc/arm-none-eabi/12.3.1/../../../../arm-none-eabi/lib/thumb/v7e-m+fp/hard\libc_nano.a(libc_a-dtoa.o)
                0x080119d0                _dtoa_r
 .text._free_r  0x08012558       0x94 D:/stm32CubeIDE/STM32CubeIDE_1.17.0/STM32CubeIDE/plugins/com.st.stm32cube.ide.mcu.externaltools.gnu-tools-for-stm32.12.3.rel1.win32_1.1.0.202410251130/tools/bin/../lib/gcc/arm-none-eabi/12.3.1/../../../../arm-none-eabi/lib/thumb/v7e-m+fp/hard\libc_nano.a(libc_a-freer.o)
                0x08012558                _free_r
 .text.malloc   0x080125ec       0x10 D:/stm32CubeIDE/STM32CubeIDE_1.17.0/STM32CubeIDE/plugins/com.st.stm32cube.ide.mcu.externaltools.gnu-tools-for-stm32.12.3.rel1.win32_1.1.0.202410251130/tools/bin/../lib/gcc/arm-none-eabi/12.3.1/../../../../arm-none-eabi/lib/thumb/v7e-m+fp/hard\libc_nano.a(libc_a-malloc.o)
                0x080125ec                malloc
 .text.sbrk_aligned
                0x080125fc       0x44 D:/stm32CubeIDE/STM32CubeIDE_1.17.0/STM32CubeIDE/plugins/com.st.stm32cube.ide.mcu.externaltools.gnu-tools-for-stm32.12.3.rel1.win32_1.1.0.202410251130/tools/bin/../lib/gcc/arm-none-eabi/12.3.1/../../../../arm-none-eabi/lib/thumb/v7e-m+fp/hard\libc_nano.a(libc_a-mallocr.o)
 .text._malloc_r
                0x08012640      0x100 D:/stm32CubeIDE/STM32CubeIDE_1.17.0/STM32CubeIDE/plugins/com.st.stm32cube.ide.mcu.externaltools.gnu-tools-for-stm32.12.3.rel1.win32_1.1.0.202410251130/tools/bin/../lib/gcc/arm-none-eabi/12.3.1/../../../../arm-none-eabi/lib/thumb/v7e-m+fp/hard\libc_nano.a(libc_a-mallocr.o)
                0x08012640                _malloc_r
 .text.__malloc_lock
                0x08012740        0xc D:/stm32CubeIDE/STM32CubeIDE_1.17.0/STM32CubeIDE/plugins/com.st.stm32cube.ide.mcu.externaltools.gnu-tools-for-stm32.12.3.rel1.win32_1.1.0.202410251130/tools/bin/../lib/gcc/arm-none-eabi/12.3.1/../../../../arm-none-eabi/lib/thumb/v7e-m+fp/hard\libc_nano.a(libc_a-mlock.o)
                0x08012740                __malloc_lock
 .text.__malloc_unlock
                0x0801274c        0xc D:/stm32CubeIDE/STM32CubeIDE_1.17.0/STM32CubeIDE/plugins/com.st.stm32cube.ide.mcu.externaltools.gnu-tools-for-stm32.12.3.rel1.win32_1.1.0.202410251130/tools/bin/../lib/gcc/arm-none-eabi/12.3.1/../../../../arm-none-eabi/lib/thumb/v7e-m+fp/hard\libc_nano.a(libc_a-mlock.o)
                0x0801274c                __malloc_unlock
 .text._Balloc  0x08012758       0x80 D:/stm32CubeIDE/STM32CubeIDE_1.17.0/STM32CubeIDE/plugins/com.st.stm32cube.ide.mcu.externaltools.gnu-tools-for-stm32.12.3.rel1.win32_1.1.0.202410251130/tools/bin/../lib/gcc/arm-none-eabi/12.3.1/../../../../arm-none-eabi/lib/thumb/v7e-m+fp/hard\libc_nano.a(libc_a-mprec.o)
                0x08012758                _Balloc
 .text._Bfree   0x080127d8       0x44 D:/stm32CubeIDE/STM32CubeIDE_1.17.0/STM32CubeIDE/plugins/com.st.stm32cube.ide.mcu.externaltools.gnu-tools-for-stm32.12.3.rel1.win32_1.1.0.202410251130/tools/bin/../lib/gcc/arm-none-eabi/12.3.1/../../../../arm-none-eabi/lib/thumb/v7e-m+fp/hard\libc_nano.a(libc_a-mprec.o)
                0x080127d8                _Bfree
 .text.__multadd
                0x0801281c       0x8c D:/stm32CubeIDE/STM32CubeIDE_1.17.0/STM32CubeIDE/plugins/com.st.stm32cube.ide.mcu.externaltools.gnu-tools-for-stm32.12.3.rel1.win32_1.1.0.202410251130/tools/bin/../lib/gcc/arm-none-eabi/12.3.1/../../../../arm-none-eabi/lib/thumb/v7e-m+fp/hard\libc_nano.a(libc_a-mprec.o)
                0x0801281c                __multadd
 .text.__s2b    0x080128a8       0x94 D:/stm32CubeIDE/STM32CubeIDE_1.17.0/STM32CubeIDE/plugins/com.st.stm32cube.ide.mcu.externaltools.gnu-tools-for-stm32.12.3.rel1.win32_1.1.0.202410251130/tools/bin/../lib/gcc/arm-none-eabi/12.3.1/../../../../arm-none-eabi/lib/thumb/v7e-m+fp/hard\libc_nano.a(libc_a-mprec.o)
                0x080128a8                __s2b
 .text.__hi0bits
                0x0801293c       0x3e D:/stm32CubeIDE/STM32CubeIDE_1.17.0/STM32CubeIDE/plugins/com.st.stm32cube.ide.mcu.externaltools.gnu-tools-for-stm32.12.3.rel1.win32_1.1.0.202410251130/tools/bin/../lib/gcc/arm-none-eabi/12.3.1/../../../../arm-none-eabi/lib/thumb/v7e-m+fp/hard\libc_nano.a(libc_a-mprec.o)
                0x0801293c                __hi0bits
 .text.__lo0bits
                0x0801297a       0x5a D:/stm32CubeIDE/STM32CubeIDE_1.17.0/STM32CubeIDE/plugins/com.st.stm32cube.ide.mcu.externaltools.gnu-tools-for-stm32.12.3.rel1.win32_1.1.0.202410251130/tools/bin/../lib/gcc/arm-none-eabi/12.3.1/../../../../arm-none-eabi/lib/thumb/v7e-m+fp/hard\libc_nano.a(libc_a-mprec.o)
                0x0801297a                __lo0bits
 .text.__i2b    0x080129d4       0x2c D:/stm32CubeIDE/STM32CubeIDE_1.17.0/STM32CubeIDE/plugins/com.st.stm32cube.ide.mcu.externaltools.gnu-tools-for-stm32.12.3.rel1.win32_1.1.0.202410251130/tools/bin/../lib/gcc/arm-none-eabi/12.3.1/../../../../arm-none-eabi/lib/thumb/v7e-m+fp/hard\libc_nano.a(libc_a-mprec.o)
                0x080129d4                __i2b
 .text.__multiply
                0x08012a00      0x154 D:/stm32CubeIDE/STM32CubeIDE_1.17.0/STM32CubeIDE/plugins/com.st.stm32cube.ide.mcu.externaltools.gnu-tools-for-stm32.12.3.rel1.win32_1.1.0.202410251130/tools/bin/../lib/gcc/arm-none-eabi/12.3.1/../../../../arm-none-eabi/lib/thumb/v7e-m+fp/hard\libc_nano.a(libc_a-mprec.o)
                0x08012a00                __multiply
 .text.__pow5mult
                0x08012b54       0xb4 D:/stm32CubeIDE/STM32CubeIDE_1.17.0/STM32CubeIDE/plugins/com.st.stm32cube.ide.mcu.externaltools.gnu-tools-for-stm32.12.3.rel1.win32_1.1.0.202410251130/tools/bin/../lib/gcc/arm-none-eabi/12.3.1/../../../../arm-none-eabi/lib/thumb/v7e-m+fp/hard\libc_nano.a(libc_a-mprec.o)
                0x08012b54                __pow5mult
 .text.__lshift
                0x08012c08       0xd8 D:/stm32CubeIDE/STM32CubeIDE_1.17.0/STM32CubeIDE/plugins/com.st.stm32cube.ide.mcu.externaltools.gnu-tools-for-stm32.12.3.rel1.win32_1.1.0.202410251130/tools/bin/../lib/gcc/arm-none-eabi/12.3.1/../../../../arm-none-eabi/lib/thumb/v7e-m+fp/hard\libc_nano.a(libc_a-mprec.o)
                0x08012c08                __lshift
 .text.__mcmp   0x08012ce0       0x36 D:/stm32CubeIDE/STM32CubeIDE_1.17.0/STM32CubeIDE/plugins/com.st.stm32cube.ide.mcu.externaltools.gnu-tools-for-stm32.12.3.rel1.win32_1.1.0.202410251130/tools/bin/../lib/gcc/arm-none-eabi/12.3.1/../../../../arm-none-eabi/lib/thumb/v7e-m+fp/hard\libc_nano.a(libc_a-mprec.o)
                0x08012ce0                __mcmp
 *fill*         0x08012d16        0x2 
 .text.__mdiff  0x08012d18      0x128 D:/stm32CubeIDE/STM32CubeIDE_1.17.0/STM32CubeIDE/plugins/com.st.stm32cube.ide.mcu.externaltools.gnu-tools-for-stm32.12.3.rel1.win32_1.1.0.202410251130/tools/bin/../lib/gcc/arm-none-eabi/12.3.1/../../../../arm-none-eabi/lib/thumb/v7e-m+fp/hard\libc_nano.a(libc_a-mprec.o)
                0x08012d18                __mdiff
 .text.__ulp    0x08012e40       0x4c D:/stm32CubeIDE/STM32CubeIDE_1.17.0/STM32CubeIDE/plugins/com.st.stm32cube.ide.mcu.externaltools.gnu-tools-for-stm32.12.3.rel1.win32_1.1.0.202410251130/tools/bin/../lib/gcc/arm-none-eabi/12.3.1/../../../../arm-none-eabi/lib/thumb/v7e-m+fp/hard\libc_nano.a(libc_a-mprec.o)
                0x08012e40                __ulp
 .text.__b2d    0x08012e8c       0x94 D:/stm32CubeIDE/STM32CubeIDE_1.17.0/STM32CubeIDE/plugins/com.st.stm32cube.ide.mcu.externaltools.gnu-tools-for-stm32.12.3.rel1.win32_1.1.0.202410251130/tools/bin/../lib/gcc/arm-none-eabi/12.3.1/../../../../arm-none-eabi/lib/thumb/v7e-m+fp/hard\libc_nano.a(libc_a-mprec.o)
                0x08012e8c                __b2d