../Drivers/CMSIS/Include/core_cm4.h:2064:26:ITM_SendChar	16	static,ignoring_inline_asm
../Core/Src/main.c:91:5:__io_putchar	16	static
../Core/Src/main.c:97:5:_write	32	static
../Core/Src/main.c:105:6:HAL_I2C_MemTxCpltCallback	24	static
../Core/Src/main.c:119:6:delay_us	16	static
../Core/Src/main.c:131:6:HAL_GPIO_EXTI_Callback	16	static
../Core/Src/main.c:169:5:main	8	static
../Core/Src/main.c:252:6:SystemClock_Config	88	static
../Core/Src/main.c:305:6:HAL_TIM_PeriodElapsedCallback	16	static
../Core/Src/main.c:323:6:Error_Handler	4	static,ignoring_inline_asm
