../Core/oled/oled.c:18:6:WriteCmd	40	static
../Core/oled/oled.c:27:6:OLED_WR_CMD	32	static
../Core/oled/oled.c:32:6:OLED_WR_DATA	32	static
../Core/oled/oled.c:37:6:OLED_Init	8	static
../Core/oled/oled.c:44:6:OLED_Clear	16	static
../Core/oled/oled.c:57:6:OLED_Display_On	8	static
../Core/oled/oled.c:64:6:OLED_Display_Off	8	static
../Core/oled/oled.c:70:6:OLED_Set_Pos	8	static
../Core/oled/oled.c:77:6:OLED_On	16	static
../Core/oled/oled.c:89:14:oled_pow	0	static
../Core/oled/oled.c:125:6:OLED_ShowChar	20	static
../Core/oled/oled.c:101:6:OLED_ShowNum	64	static
../Core/oled/oled.c:198:6:OLED_ShowString	40	static
../Core/oled/oled.c:210:6:OLED_ShowCHinese	32	static
../Core/oled/oled.c:227:6:OLED_Refresh	16	static
